Archive member included because of file (symbol)

C:\Users\netzky\Documents\LPCXpresso_8.0.0_526\workspace\lpc_board_nxp_lpcxpresso_1549\Debug\liblpc_board_nxp_lpcxpresso_1549.a(board.o)
                              ./src/TaneProju.o (Board_LED_Set)
C:\Users\netzky\Documents\LPCXpresso_8.0.0_526\workspace\lpc_board_nxp_lpcxpresso_1549\Debug\liblpc_board_nxp_lpcxpresso_1549.a(board_sysinit.o)
                              ./src/sysinit.o (Board_SystemInit)
C:\Users\netzky\Documents\LPCXpresso_8.0.0_526\workspace\lpc_chip_15xx\Debug\liblpc_chip_15xx.a(chip_15xx.o)
                              ./src/TaneProju.o (SystemCoreClockUpdate)
C:\Users\netzky\Documents\LPCXpresso_8.0.0_526\workspace\lpc_chip_15xx\Debug\liblpc_chip_15xx.a(clock_15xx.o)
                              C:\Users\netzky\Documents\LPCXpresso_8.0.0_526\workspace\lpc_board_nxp_lpcxpresso_1549\Debug\liblpc_board_nxp_lpcxpresso_1549.a(board.o) (Chip_Clock_GetMainClockRate)
C:\Users\netzky\Documents\LPCXpresso_8.0.0_526\workspace\lpc_chip_15xx\Debug\liblpc_chip_15xx.a(gpio_15xx.o)
                              C:\Users\netzky\Documents\LPCXpresso_8.0.0_526\workspace\lpc_board_nxp_lpcxpresso_1549\Debug\liblpc_board_nxp_lpcxpresso_1549.a(board.o) (Chip_GPIO_Init)
C:\Users\netzky\Documents\LPCXpresso_8.0.0_526\workspace\lpc_chip_15xx\Debug\liblpc_chip_15xx.a(iocon_15xx.o)
                              C:\Users\netzky\Documents\LPCXpresso_8.0.0_526\workspace\lpc_board_nxp_lpcxpresso_1549\Debug\liblpc_board_nxp_lpcxpresso_1549.a(board_sysinit.o) (Chip_IOCON_SetPinMuxing)
C:\Users\netzky\Documents\LPCXpresso_8.0.0_526\workspace\lpc_chip_15xx\Debug\liblpc_chip_15xx.a(swm_15xx.o)
                              C:\Users\netzky\Documents\LPCXpresso_8.0.0_526\workspace\lpc_board_nxp_lpcxpresso_1549\Debug\liblpc_board_nxp_lpcxpresso_1549.a(board.o) (Chip_SWM_MovablePinAssign)
C:\Users\netzky\Documents\LPCXpresso_8.0.0_526\workspace\lpc_chip_15xx\Debug\liblpc_chip_15xx.a(sysctl_15xx.o)
                              C:\Users\netzky\Documents\LPCXpresso_8.0.0_526\workspace\lpc_board_nxp_lpcxpresso_1549\Debug\liblpc_board_nxp_lpcxpresso_1549.a(board_sysinit.o) (Chip_SYSCTL_AssertPeriphReset)
C:\Users\netzky\Documents\LPCXpresso_8.0.0_526\workspace\lpc_chip_15xx\Debug\liblpc_chip_15xx.a(sysinit_15xx.o)
                              C:\Users\netzky\Documents\LPCXpresso_8.0.0_526\workspace\lpc_board_nxp_lpcxpresso_1549\Debug\liblpc_board_nxp_lpcxpresso_1549.a(board_sysinit.o) (Chip_SetupXtalClocking)
C:\Users\netzky\Documents\LPCXpresso_8.0.0_526\workspace\lpc_chip_15xx\Debug\liblpc_chip_15xx.a(uart_15xx.o)
                              C:\Users\netzky\Documents\LPCXpresso_8.0.0_526\workspace\lpc_board_nxp_lpcxpresso_1549\Debug\liblpc_board_nxp_lpcxpresso_1549.a(board.o) (Chip_UART_Init)
C:\Users\netzky\Documents\LPCXpresso_8.0.0_526\workspace\lpc_chip_15xx\Debug\liblpc_chip_15xx.a(ring_buffer.o)
                              C:\Users\netzky\Documents\LPCXpresso_8.0.0_526\workspace\lpc_chip_15xx\Debug\liblpc_chip_15xx.a(uart_15xx.o) (RingBuffer_Insert)
c:/nxp/lpcxpresso_8.0.0_526/lpcxpresso/tools/bin/../lib/gcc/arm-none-eabi/4.9.3/armv7-m\libgcc.a(_aeabi_uldivmod.o)
                              C:\Users\netzky\Documents\LPCXpresso_8.0.0_526\workspace\lpc_chip_15xx\Debug\liblpc_chip_15xx.a(clock_15xx.o) (__aeabi_uldivmod)
c:/nxp/lpcxpresso_8.0.0_526/lpcxpresso/tools/bin/../lib/gcc/arm-none-eabi/4.9.3/armv7-m\libgcc.a(bpabi.o)
                              c:/nxp/lpcxpresso_8.0.0_526/lpcxpresso/tools/bin/../lib/gcc/arm-none-eabi/4.9.3/armv7-m\libgcc.a(_aeabi_uldivmod.o) (__gnu_uldivmod_helper)
c:/nxp/lpcxpresso_8.0.0_526/lpcxpresso/tools/bin/../lib/gcc/arm-none-eabi/4.9.3/armv7-m\libgcc.a(_dvmd_tls.o)
                              c:/nxp/lpcxpresso_8.0.0_526/lpcxpresso/tools/bin/../lib/gcc/arm-none-eabi/4.9.3/armv7-m\libgcc.a(_aeabi_uldivmod.o) (__aeabi_ldiv0)
c:/nxp/lpcxpresso_8.0.0_526/lpcxpresso/tools/bin/../lib/gcc/arm-none-eabi/4.9.3/armv7-m\libgcc.a(_divdi3.o)
                              c:/nxp/lpcxpresso_8.0.0_526/lpcxpresso/tools/bin/../lib/gcc/arm-none-eabi/4.9.3/armv7-m\libgcc.a(bpabi.o) (__divdi3)
c:/nxp/lpcxpresso_8.0.0_526/lpcxpresso/tools/bin/../lib/gcc/arm-none-eabi/4.9.3/armv7-m\libgcc.a(_udivdi3.o)
                              c:/nxp/lpcxpresso_8.0.0_526/lpcxpresso/tools/bin/../lib/gcc/arm-none-eabi/4.9.3/armv7-m\libgcc.a(bpabi.o) (__udivdi3)
c:/nxp/lpcxpresso_8.0.0_526/lpcxpresso/tools/bin/../lib/gcc/arm-none-eabi/4.9.3/../../../../arm-none-eabi/lib/armv7-m\libc.a(lib_a-init.o)
                              ./src/cr_startup_lpc15xx.o (__libc_init_array)
c:/nxp/lpcxpresso_8.0.0_526/lpcxpresso/tools/bin/../lib/gcc/arm-none-eabi/4.9.3/../../../../arm-none-eabi/lib/armv7-m\libc.a(lib_a-malloc.o)
                              ./src/cr_cpp_config.o (malloc)
c:/nxp/lpcxpresso_8.0.0_526/lpcxpresso/tools/bin/../lib/gcc/arm-none-eabi/4.9.3/../../../../arm-none-eabi/lib/armv7-m\libc.a(lib_a-mallocr.o)
[...]
Memory Configuration

Name             Origin             Length             Attributes
MFlash256        0x00000000         0x00040000         xr
Ram0_16          0x02000000         0x00004000         xrw
Ram1_16          0x02004000         0x00004000         xrw
Ram2_4           0x02008000         0x00001000         xrw
*default*        0x00000000         0xffffffff

Linker script and memory map

LOAD ./src/TaneProju.o
LOAD ./src/cr_cpp_config.o
LOAD ./src/cr_startup_lpc15xx.o
LOAD ./src/crp.o
LOAD ./src/sysinit.o
LOAD C:\Users\netzky\Documents\LPCXpresso_8.0.0_526\workspace\lpc_board_nxp_lpcxpresso_1549\Debug\liblpc_board_nxp_lpcxpresso_1549.a
LOAD C:\Users\netzky\Documents\LPCXpresso_8.0.0_526\workspace\lpc_chip_15xx\Debug\liblpc_chip_15xx.a
START GROUP
LOAD c:/nxp/lpcxpresso_8.0.0_526/lpcxpresso/tools/bin/../lib/gcc/arm-none-eabi/4.9.3/armv7-m\libgcc.a
LOAD c:/nxp/lpcxpresso_8.0.0_526/lpcxpresso/tools/bin/../lib/gcc/arm-none-eabi/4.9.3/../../../../arm-none-eabi/lib/armv7-m\libc.a
LOAD c:/nxp/lpcxpresso_8.0.0_526/lpcxpresso/tools/bin/../lib/gcc/arm-none-eabi/4.9.3/../../../../arm-none-eabi/lib/armv7-m\libstdc++.a
LOAD c:/nxp/lpcxpresso_8.0.0_526/lpcxpresso/tools/bin/../lib/gcc/arm-none-eabi/4.9.3/../../../../arm-none-eabi/lib/armv7-m\libm.a
LOAD c:/nxp/lpcxpresso_8.0.0_526/lpcxpresso/tools/bin/../lib/gcc/arm-none-eabi/4.9.3/../../../../arm-none-eabi/lib/armv7-m\libcr_newlib_nohost.a
LOAD c:/nxp/lpcxpresso_8.0.0_526/lpcxpresso/tools/bin/../lib/gcc/arm-none-eabi/4.9.3/armv7-m\crti.o
LOAD c:/nxp/lpcxpresso_8.0.0_526/lpcxpresso/tools/bin/../lib/gcc/arm-none-eabi/4.9.3/armv7-m\crtn.o
LOAD c:/nxp/lpcxpresso_8.0.0_526/lpcxpresso/tools/bin/../lib/gcc/arm-none-eabi/4.9.3/armv7-m\crtbegin.o
LOAD c:/nxp/lpcxpresso_8.0.0_526/lpcxpresso/tools/bin/../lib/gcc/arm-none-eabi/4.9.3/armv7-m\crtend.o
END GROUP
                0x00000000                __base_MFlash256 = 0x0
                0x00000000                __base_Flash = 0x0
                0x00040000                __top_MFlash256 = 0x40000
                0x00040000                __top_Flash = 0x40000
                0x02000000                __base_Ram0_16 = 0x2000000
                0x02000000                __base_RAM = 0x2000000
                0x02004000                __top_Ram0_16 = 0x2004000
                0x02004000                __top_RAM = 0x2004000
                0x02004000                __base_Ram1_16 = 0x2004000
                0x02004000                __base_RAM2 = 0x2004000
                0x02008000                __top_Ram1_16 = 0x2008000
                0x02008000                __top_RAM2 = 0x2008000
                0x02008000                __base_Ram2_4 = 0x2008000
                0x02008000                __base_RAM3 = 0x2008000
                0x02009000                __top_Ram2_4 = 0x2009000
                0x02009000                __top_RAM3 = 0x2009000

.text           0x00000000     0x22bc
 FILL mask 0xff
                0x00000000                __vectors_start__ = ABSOLUTE (.)
 *(.isr_vector)
 .isr_vector    0x00000000       0xfc ./src/cr_startup_lpc15xx.o
                0x00000000                g_pfnVectors
                0x000000fc                . = ALIGN (0x4)
                0x000000fc                __section_table_start = .
                0x000000fc                __data_section_table = .
                0x000000fc        0x4 LONG 0x22c4 LOADADDR (.data)
                0x00000100        0x4 LONG 0x2000000 ADDR (.data)
                0x00000104        0x4 LONG 0x844 SIZEOF (.data)
                0x00000108        0x4 LONG 0x22c4 LOADADDR (.data_RAM2)
                0x0000010c        0x4 LONG 0x2004000 ADDR (.data_RAM2)
                0x00000110        0x4 LONG 0x0 SIZEOF (.data_RAM2)
                0x00000114        0x4 LONG 0x22c4 LOADADDR (.data_RAM3)
                0x00000118        0x4 LONG 0x2008000 ADDR (.data_RAM3)
                0x0000011c        0x4 LONG 0x0 SIZEOF (.data_RAM3)
                0x00000120                __data_section_table_end = .
                0x00000120                __bss_section_table = .
                0x00000120        0x4 LONG 0x2000844 ADDR (.bss)
                0x00000124        0x4 LONG 0x54 SIZEOF (.bss)
                0x00000128        0x4 LONG 0x2004000 ADDR (.bss_RAM2)
                0x0000012c        0x4 LONG 0x0 SIZEOF (.bss_RAM2)
                0x00000130        0x4 LONG 0x2008000 ADDR (.bss_RAM3)
                0x00000134        0x4 LONG 0x0 SIZEOF (.bss_RAM3)
                0x00000138                __bss_section_table_end = .
                0x00000138                __section_table_end = .
 *(.after_vectors*)
 .after_vectors
                0x00000138      0x158 ./src/cr_startup_lpc15xx.o
                0x00000138                data_init(unsigned int, unsigned int, unsigned int)
                0x0000017c                bss_init(unsigned int, unsigned int)
                0x000001b4                ResetISR
                0x00000240                NMI_Handler
                0x00000248                HardFault_Handler
                0x00000250                MemManage_Handler
                0x00000258                BusFault_Handler
                0x00000260                UsageFault_Handler
                0x00000268                SVC_Handler
                0x00000270                DebugMon_Handler
                0x00000278                PendSV_Handler
                0x00000288                UART1_IRQHandler
                0x00000288                RTC_WAKE_IRQHandler
                0x00000288                UART0_IRQHandler
                0x00000288                ADC1_THCMP_IRQHandler
                0x00000288                SPI1_IRQHandler
                0x00000288                PIN_INT6_IRQHandler
                0x00000288                IntDefaultHandler
                0x00000288                PIN_INT4_IRQHandler
                0x00000288                CAN_IRQHandler
                0x00000288                RTC_ALARM_IRQHandler
                0x00000288                ADC1B_IRQHandler
                0x00000288                ADC1_OVR_IRQHandler
                0x00000288                MRT_IRQHandler
                0x00000288                UART2_IRQHandler
                0x00000288                ADC0_OVR_IRQHandler
                0x00000288                SCT1_IRQHandler
                0x00000288                PIN_INT2_IRQHandler
                0x00000288                USB_FIQHandler
                0x00000288                SCT3_IRQHandler
                0x00000288                PIN_INT7_IRQHandler
                0x00000288                I2C0_IRQHandler
                0x00000288                PIN_INT1_IRQHandler
                0x00000288                USB_IRQHandler
                0x00000288                BOD_IRQHandler
                0x00000288                ADC0B_IRQHandler
                0x00000288                ACMP0_IRQHandler
                0x00000288                RIT_IRQHandler
                0x00000288                USBWakeup_IRQHandler
                0x00000288                WDT_IRQHandler
                0x00000288                SCT2_IRQHandler
                0x00000288                PIN_INT0_IRQHandler
                0x00000288                QEI_IRQHandler
                0x00000288                ACMP3_IRQHandler
                0x00000288                GINT0_IRQHandler
                0x00000288                DAC_IRQHandler
                0x00000288                SPI0_IRQHandler
                0x00000288                EEPROM_IRQHandler
                0x00000288                ACMP2_IRQHandler
                0x00000288                PIN_INT5_IRQHandler
                0x00000288                ADC1A_IRQHandler
                0x00000288                DMA_IRQHandler
                0x00000288                PIN_INT3_IRQHandler
                0x00000288                ACMP1_IRQHandler
                0x00000288                SCT0_IRQHandler
                0x00000288                ADC0A_IRQHandler
                0x00000288                FMC_IRQHandler
                0x00000288                GINT1_IRQHandler
                0x00000288                ADC0_THCMP_IRQHandler
 *(.text*)
 .text.NVIC_SetPriority
                0x00000290       0x54 ./src/TaneProju.o
 .text.SysTick_Config
                0x000002e4       0x44 ./src/TaneProju.o
 .text.Chip_IOCON_PinMuxSet
                0x00000328       0x2c ./src/TaneProju.o
 .text.Chip_GPIO_SetPinState
                0x00000354       0x38 ./src/TaneProju.o
 .text.Chip_GPIO_GetPinState
                0x0000038c       0x38 ./src/TaneProju.o
 .text.Chip_GPIO_SetPinDIROutput
                0x000003c4       0x3c ./src/TaneProju.o
 .text.Chip_GPIO_SetPinDIRInput
                0x00000400       0x40 ./src/TaneProju.o
 .text._ZN4DiceD2Ev
                0x00000440       0x28 ./src/TaneProju.o
                0x00000440                Dice::~Dice()
                0x00000440                Dice::~Dice()
 .text._ZN4DiceD0Ev
                0x00000468       0x20 ./src/TaneProju.o
                0x00000468                Dice::~Dice()
 .text._ZN4DiceC2Ev
                0x00000488       0x20 ./src/TaneProju.o
                0x00000488                Dice::Dice()
                0x00000488                Dice::Dice()
 .text._ZN4Dice8SetValueEi
                0x000004a8      0x590 ./src/TaneProju.o
                0x000004a8                Dice::SetValue(int)
 .text.SysTick_Handler
                0x00000a38       0x40 ./src/TaneProju.o
                0x00000a38                SysTick_Handler
 .text.main     0x00000a78      0x10c ./src/TaneProju.o
                0x00000a78                main
 .text._ZdlPv   0x00000b84       0x14 ./src/cr_cpp_config.o
                0x00000b84                operator delete(void*)
 .text.SystemInit
                0x00000b98        0xc ./src/sysinit.o
                0x00000b98                SystemInit
 .text.Chip_IOCON_PinMuxSet
                0x00000ba4       0x2c C:\Users\netzky\Documents\LPCXpresso_8.0.0_526\workspace\lpc_board_nxp_lpcxpresso_1549\Debug\liblpc_board_nxp_lpcxpresso_1549.a(board.o)
 .text.Chip_SWM_MovablePortPinAssign
                0x00000bd0       0x30 C:\Users\netzky\Documents\LPCXpresso_8.0.0_526\workspace\lpc_board_nxp_lpcxpresso_1549\Debug\liblpc_board_nxp_lpcxpresso_1549.a(board.o)
 .text.Chip_GPIO_SetPinState
                0x00000c00       0x38 C:\Users\netzky\Documents\LPCXpresso_8.0.0_526\workspace\lpc_board_nxp_lpcxpresso_1549\Debug\liblpc_board_nxp_lpcxpresso_1549.a(board.o)
 .text.Chip_GPIO_SetPinDIROutput
                0x00000c38       0x3c C:\Users\netzky\Documents\LPCXpresso_8.0.0_526\workspace\lpc_board_nxp_lpcxpresso_1549\Debug\liblpc_board_nxp_lpcxpresso_1549.a(board.o)
 .text.Chip_UART_Enable
                0x00000c74       0x20 C:\Users\netzky\Documents\LPCXpresso_8.0.0_526\workspace\lpc_board_nxp_lpcxpresso_1549\Debug\liblpc_board_nxp_lpcxpresso_1549.a(board.o)
 .text.Chip_UART_TXEnable
                0x00000c94       0x20 C:\Users\netzky\Documents\LPCXpresso_8.0.0_526\workspace\lpc_board_nxp_lpcxpresso_1549\Debug\liblpc_board_nxp_lpcxpresso_1549.a(board.o)
 .text.Chip_UART_ConfigData
                0x00000cb4       0x28 C:\Users\netzky\Documents\LPCXpresso_8.0.0_526\workspace\lpc_board_nxp_lpcxpresso_1549\Debug\liblpc_board_nxp_lpcxpresso_1549.a(board.o)
 .text.Board_Debug_Init
                0x00000cdc       0x6c C:\Users\netzky\Documents\LPCXpresso_8.0.0_526\workspace\lpc_board_nxp_lpcxpresso_1549\Debug\liblpc_board_nxp_lpcxpresso_1549.a(board.o)
                0x00000cdc                Board_Debug_Init
 .text.Board_LED_Init
                0x00000d48       0x5c C:\Users\netzky\Documents\LPCXpresso_8.0.0_526\workspace\lpc_board_nxp_lpcxpresso_1549\Debug\liblpc_board_nxp_lpcxpresso_1549.a(board.o)
 .text.Board_LED_Set
                0x00000da4       0x50 C:\Users\netzky\Documents\LPCXpresso_8.0.0_526\workspace\lpc_board_nxp_lpcxpresso_1549\Debug\liblpc_board_nxp_lpcxpresso_1549.a(board.o)
                0x00000da4                Board_LED_Set
 .text.Board_Init
                0x00000df4       0x18 C:\Users\netzky\Documents\LPCXpresso_8.0.0_526\workspace\lpc_board_nxp_lpcxpresso_1549\Debug\liblpc_board_nxp_lpcxpresso_1549.a(board.o)
                0x00000df4                Board_Init
 .text.Chip_SYSCTL_PeriphReset
                0x00000e0c       0x20 C:\Users\netzky\Documents\LPCXpresso_8.0.0_526\workspace\lpc_board_nxp_lpcxpresso_1549\Debug\liblpc_board_nxp_lpcxpresso_1549.a(board_sysinit.o)
 .text.Chip_Clock_SetUSBPLLSource
                0x00000e2c       0x20 C:\Users\netzky\Documents\LPCXpresso_8.0.0_526\workspace\lpc_board_nxp_lpcxpresso_1549\Debug\liblpc_board_nxp_lpcxpresso_1549.a(board_sysinit.o)
 .text.Chip_Clock_SetupUSBPLL
                0x00000e4c       0x34 C:\Users\netzky\Documents\LPCXpresso_8.0.0_526\workspace\lpc_board_nxp_lpcxpresso_1549\Debug\liblpc_board_nxp_lpcxpresso_1549.a(board_sysinit.o)
 .text.Chip_Clock_IsUSBPLLLocked
                0x00000e80       0x28 C:\Users\netzky\Documents\LPCXpresso_8.0.0_526\workspace\lpc_board_nxp_lpcxpresso_1549\Debug\liblpc_board_nxp_lpcxpresso_1549.a(board_sysinit.o)
 .text.Chip_Clock_SetSysTickClockDiv
                0x00000ea8       0x20 C:\Users\netzky\Documents\LPCXpresso_8.0.0_526\workspace\lpc_board_nxp_lpcxpresso_1549\Debug\liblpc_board_nxp_lpcxpresso_1549.a(board_sysinit.o)
 .text.Chip_SWM_MovablePortPinAssign
                0x00000ec8       0x30 C:\Users\netzky\Documents\LPCXpresso_8.0.0_526\workspace\lpc_board_nxp_lpcxpresso_1549\Debug\liblpc_board_nxp_lpcxpresso_1549.a(board_sysinit.o)
 .text.Board_SetupMuxing
                0x00000ef8       0x84 C:\Users\netzky\Documents\LPCXpresso_8.0.0_526\workspace\lpc_board_nxp_lpcxpresso_1549\Debug\liblpc_board_nxp_lpcxpresso_1549.a(board_sysinit.o)
                0x00000ef8                Board_SetupMuxing
 .text.Board_SetupClocking
                0x00000f7c       0x38 C:\Users\netzky\Documents\LPCXpresso_8.0.0_526\workspace\lpc_board_nxp_lpcxpresso_1549\Debug\liblpc_board_nxp_lpcxpresso_1549.a(board_sysinit.o)
                0x00000f7c                Board_SetupClocking
 .text.Board_SystemInit
                0x00000fb4       0x1c C:\Users\netzky\Documents\LPCXpresso_8.0.0_526\workspace\lpc_board_nxp_lpcxpresso_1549\Debug\liblpc_board_nxp_lpcxpresso_1549.a(board_sysinit.o)
                0x00000fb4                Board_SystemInit
 .text.SystemCoreClockUpdate
                0x00000fd0       0x14 C:\Users\netzky\Documents\LPCXpresso_8.0.0_526\workspace\lpc_chip_15xx\Debug\liblpc_chip_15xx.a(chip_15xx.o)
                0x00000fd0                SystemCoreClockUpdate
 .text.Chip_Clock_SetMain_A_ClockSource
                0x00000fe4       0x20 C:\Users\netzky\Documents\LPCXpresso_8.0.0_526\workspace\lpc_chip_15xx\Debug\liblpc_chip_15xx.a(clock_15xx.o)
 .text.Chip_Clock_GetMain_A_ClockSource
                0x00001004       0x1c C:\Users\netzky\Documents\LPCXpresso_8.0.0_526\workspace\lpc_chip_15xx\Debug\liblpc_chip_15xx.a(clock_15xx.o)
 .text.Chip_Clock_SetMain_B_ClockSource
                0x00001020       0x20 C:\Users\netzky\Documents\LPCXpresso_8.0.0_526\workspace\lpc_chip_15xx\Debug\liblpc_chip_15xx.a(clock_15xx.o)
 .text.Chip_Clock_GetMain_B_ClockSource
                0x00001040       0x1c C:\Users\netzky\Documents\LPCXpresso_8.0.0_526\workspace\lpc_chip_15xx\Debug\liblpc_chip_15xx.a(clock_15xx.o)
 .text.Chip_Clock_GetSysTickClockDiv
                0x0000105c       0x18 C:\Users\netzky\Documents\LPCXpresso_8.0.0_526\workspace\lpc_chip_15xx\Debug\liblpc_chip_15xx.a(clock_15xx.o)
 .text.Chip_Clock_SetUARTFRGDivider
                0x00001074       0x20 C:\Users\netzky\Documents\LPCXpresso_8.0.0_526\workspace\lpc_chip_15xx\Debug\liblpc_chip_15xx.a(clock_15xx.o)
 .text.Chip_Clock_GetUARTFRGDivider
                0x00001094       0x18 C:\Users\netzky\Documents\LPCXpresso_8.0.0_526\workspace\lpc_chip_15xx\Debug\liblpc_chip_15xx.a(clock_15xx.o)
 .text.Chip_Clock_GetMainOscRate
                0x000010ac       0x18 C:\Users\netzky\Documents\LPCXpresso_8.0.0_526\workspace\lpc_chip_15xx\Debug\liblpc_chip_15xx.a(clock_15xx.o)
 .text.Chip_Clock_GetIntOscRate
                0x000010c4       0x14 C:\Users\netzky\Documents\LPCXpresso_8.0.0_526\workspace\lpc_chip_15xx\Debug\liblpc_chip_15xx.a(clock_15xx.o)
 .text.Chip_Clock_GetRTCOscRate
                0x000010d8       0x18 C:\Users\netzky\Documents\LPCXpresso_8.0.0_526\workspace\lpc_chip_15xx\Debug\liblpc_chip_15xx.a(clock_15xx.o)
 .text.Chip_Clock_GetWDTOSCRate
                0x000010f0       0x14 C:\Users\netzky\Documents\LPCXpresso_8.0.0_526\workspace\lpc_chip_15xx\Debug\liblpc_chip_15xx.a(clock_15xx.o)
 .text.Chip_Clock_GetPLLFreq
                0x00001104       0x28 C:\Users\netzky\Documents\LPCXpresso_8.0.0_526\workspace\lpc_chip_15xx\Debug\liblpc_chip_15xx.a(clock_15xx.o)
 .text.Chip_Clock_GetPLLInClockRate
                0x0000112c       0x38 C:\Users\netzky\Documents\LPCXpresso_8.0.0_526\workspace\lpc_chip_15xx\Debug\liblpc_chip_15xx.a(clock_15xx.o)
 .text.Chip_Clock_GetSystemPLLInClockRate
                0x00001164       0x1c C:\Users\netzky\Documents\LPCXpresso_8.0.0_526\workspace\lpc_chip_15xx\Debug\liblpc_chip_15xx.a(clock_15xx.o)
                0x00001164                Chip_Clock_GetSystemPLLInClockRate
 .text.Chip_Clock_GetSystemPLLOutClockRate
                0x00001180       0x24 C:\Users\netzky\Documents\LPCXpresso_8.0.0_526\workspace\lpc_chip_15xx\Debug\liblpc_chip_15xx.a(clock_15xx.o)
                0x00001180                Chip_Clock_GetSystemPLLOutClockRate
 .text.Chip_Clock_GetMain_A_ClockRate
                0x000011a4       0x44 C:\Users\netzky\Documents\LPCXpresso_8.0.0_526\workspace\lpc_chip_15xx\Debug\liblpc_chip_15xx.a(clock_15xx.o)
                0x000011a4                Chip_Clock_GetMain_A_ClockRate
 .text.Chip_Clock_GetMain_B_ClockRate
                0x000011e8       0x58 C:\Users\netzky\Documents\LPCXpresso_8.0.0_526\workspace\lpc_chip_15xx\Debug\liblpc_chip_15xx.a(clock_15xx.o)
                0x000011e8                Chip_Clock_GetMain_B_ClockRate
 .text.Chip_Clock_SetMainClockSource
                0x00001240       0x3c C:\Users\netzky\Documents\LPCXpresso_8.0.0_526\workspace\lpc_chip_15xx\Debug\liblpc_chip_15xx.a(clock_15xx.o)
                0x00001240                Chip_Clock_SetMainClockSource
 .text.Chip_Clock_GetMainClockRate
                0x0000127c       0x28 C:\Users\netzky\Documents\LPCXpresso_8.0.0_526\workspace\lpc_chip_15xx\Debug\liblpc_chip_15xx.a(clock_15xx.o)
                0x0000127c                Chip_Clock_GetMainClockRate
 .text.Chip_Clock_EnablePeriphClock
                0x000012a4       0x54 C:\Users\netzky\Documents\LPCXpresso_8.0.0_526\workspace\lpc_chip_15xx\Debug\liblpc_chip_15xx.a(clock_15xx.o)
                0x000012a4                Chip_Clock_EnablePeriphClock
 .text.Chip_Clock_GetSysTickClockRate
                0x000012f8       0x30 C:\Users\netzky\Documents\LPCXpresso_8.0.0_526\workspace\lpc_chip_15xx\Debug\liblpc_chip_15xx.a(clock_15xx.o)
                0x000012f8                Chip_Clock_GetSysTickClockRate
 .text.Chip_Clock_GetUARTBaseClockRate
                0x00001328       0x88 C:\Users\netzky\Documents\LPCXpresso_8.0.0_526\workspace\lpc_chip_15xx\Debug\liblpc_chip_15xx.a(clock_15xx.o)
                0x00001328                Chip_Clock_GetUARTBaseClockRate
 .text.Chip_Clock_SetUARTBaseClockRate
                0x000013b0       0xa0 C:\Users\netzky\Documents\LPCXpresso_8.0.0_526\workspace\lpc_chip_15xx\Debug\liblpc_chip_15xx.a(clock_15xx.o)
                0x000013b0                Chip_Clock_SetUARTBaseClockRate
 .text.Chip_Clock_GetSystemClockRate
                0x00001450       0x1c C:\Users\netzky\Documents\LPCXpresso_8.0.0_526\workspace\lpc_chip_15xx\Debug\liblpc_chip_15xx.a(clock_15xx.o)
                0x00001450                Chip_Clock_GetSystemClockRate
 .text.Chip_SYSCTL_PeriphReset
                0x0000146c       0x20 C:\Users\netzky\Documents\LPCXpresso_8.0.0_526\workspace\lpc_chip_15xx\Debug\liblpc_chip_15xx.a(gpio_15xx.o)
 .text.Chip_GPIO_Init
                0x0000148c       0x2c C:\Users\netzky\Documents\LPCXpresso_8.0.0_526\workspace\lpc_chip_15xx\Debug\liblpc_chip_15xx.a(gpio_15xx.o)
                0x0000148c                Chip_GPIO_Init
 .text.Chip_IOCON_PinMuxSet
                0x000014b8       0x2c C:\Users\netzky\Documents\LPCXpresso_8.0.0_526\workspace\lpc_chip_15xx\Debug\liblpc_chip_15xx.a(iocon_15xx.o)
 .text.Chip_IOCON_SetPinMuxing
                0x000014e4       0x4c C:\Users\netzky\Documents\LPCXpresso_8.0.0_526\workspace\lpc_chip_15xx\Debug\liblpc_chip_15xx.a(iocon_15xx.o)
                0x000014e4                Chip_IOCON_SetPinMuxing
 .text.Chip_SWM_MovablePinAssign
                0x00001530       0x5c C:\Users\netzky\Documents\LPCXpresso_8.0.0_526\workspace\lpc_chip_15xx\Debug\liblpc_chip_15xx.a(swm_15xx.o)
                0x00001530                Chip_SWM_MovablePinAssign
 .text.Chip_SYSCTL_AssertPeriphReset
                0x0000158c       0x48 C:\Users\netzky\Documents\LPCXpresso_8.0.0_526\workspace\lpc_chip_15xx\Debug\liblpc_chip_15xx.a(sysctl_15xx.o)
                0x0000158c                Chip_SYSCTL_AssertPeriphReset
 .text.Chip_SYSCTL_DeassertPeriphReset
                0x000015d4       0x4c C:\Users\netzky\Documents\LPCXpresso_8.0.0_526\workspace\lpc_chip_15xx\Debug\liblpc_chip_15xx.a(sysctl_15xx.o)
                0x000015d4                Chip_SYSCTL_DeassertPeriphReset
 .text.Chip_SYSCTL_PowerDown
                0x00001620       0x40 C:\Users\netzky\Documents\LPCXpresso_8.0.0_526\workspace\lpc_chip_15xx\Debug\liblpc_chip_15xx.a(sysctl_15xx.o)
                0x00001620                Chip_SYSCTL_PowerDown
 .text.Chip_SYSCTL_PowerUp
                0x00001660       0x40 C:\Users\netzky\Documents\LPCXpresso_8.0.0_526\workspace\lpc_chip_15xx\Debug\liblpc_chip_15xx.a(sysctl_15xx.o)
                0x00001660                Chip_SYSCTL_PowerUp
 .text.Chip_FMC_SetFLASHAccess
                0x000016a0       0x38 C:\Users\netzky\Documents\LPCXpresso_8.0.0_526\workspace\lpc_chip_15xx\Debug\liblpc_chip_15xx.a(sysinit_15xx.o)
 .text.Chip_Clock_SetSystemPLLSource
                0x000016d8       0x20 C:\Users\netzky\Documents\LPCXpresso_8.0.0_526\workspace\lpc_chip_15xx\Debug\liblpc_chip_15xx.a(sysinit_15xx.o)
 .text.Chip_Clock_SetupSystemPLL
                0x000016f8       0x34 C:\Users\netzky\Documents\LPCXpresso_8.0.0_526\workspace\lpc_chip_15xx\Debug\liblpc_chip_15xx.a(sysinit_15xx.o)
 .text.Chip_Clock_IsSystemPLLLocked
                0x0000172c       0x28 C:\Users\netzky\Documents\LPCXpresso_8.0.0_526\workspace\lpc_chip_15xx\Debug\liblpc_chip_15xx.a(sysinit_15xx.o)
 .text.Chip_Clock_SetSysClockDiv
                0x00001754       0x20 C:\Users\netzky\Documents\LPCXpresso_8.0.0_526\workspace\lpc_chip_15xx\Debug\liblpc_chip_15xx.a(sysinit_15xx.o)
 .text.Chip_SetupXtalClocking
                0x00001774       0x6c C:\Users\netzky\Documents\LPCXpresso_8.0.0_526\workspace\lpc_chip_15xx\Debug\liblpc_chip_15xx.a(sysinit_15xx.o)
                0x00001774                Chip_SetupXtalClocking
 .text.Chip_SYSCTL_PeriphReset
                0x000017e0       0x20 C:\Users\netzky\Documents\LPCXpresso_8.0.0_526\workspace\lpc_chip_15xx\Debug\liblpc_chip_15xx.a(uart_15xx.o)
 .text.getUARTClockID
                0x00001800       0x38 C:\Users\netzky\Documents\LPCXpresso_8.0.0_526\workspace\lpc_chip_15xx\Debug\liblpc_chip_15xx.a(uart_15xx.o)
 .text.Chip_UART_Init
                0x00001838       0x4c C:\Users\netzky\Documents\LPCXpresso_8.0.0_526\workspace\lpc_chip_15xx\Debug\liblpc_chip_15xx.a(uart_15xx.o)
                0x00001838                Chip_UART_Init
 .text.Chip_UART_SetBaud
                0x00001884       0x28 C:\Users\netzky\Documents\LPCXpresso_8.0.0_526\workspace\lpc_chip_15xx\Debug\liblpc_chip_15xx.a(uart_15xx.o)
                0x00001884                Chip_UART_SetBaud
 .text          0x000018ac       0x30 c:/nxp/lpcxpresso_8.0.0_526/lpcxpresso/tools/bin/../lib/gcc/arm-none-eabi/4.9.3/armv7-m\libgcc.a(_aeabi_uldivmod.o)
                0x000018ac                __aeabi_uldivmod
 .text          0x000018dc       0x60 c:/nxp/lpcxpresso_8.0.0_526/lpcxpresso/tools/bin/../lib/gcc/arm-none-eabi/4.9.3/armv7-m\libgcc.a(bpabi.o)
                0x000018dc                __gnu_ldivmod_helper
                0x0000190c                __gnu_uldivmod_helper
 .text          0x0000193c        0x4 c:/nxp/lpcxpresso_8.0.0_526/lpcxpresso/tools/bin/../lib/gcc/arm-none-eabi/4.9.3/armv7-m\libgcc.a(_dvmd_tls.o)
                0x0000193c                __aeabi_idiv0
                0x0000193c                __aeabi_ldiv0
 .text          0x00001940      0x2ac c:/nxp/lpcxpresso_8.0.0_526/lpcxpresso/tools/bin/../lib/gcc/arm-none-eabi/4.9.3/armv7-m\libgcc.a(_divdi3.o)
                0x00001940                __divdi3
 .text          0x00001bec      0x270 c:/nxp/lpcxpresso_8.0.0_526/lpcxpresso/tools/bin/../lib/gcc/arm-none-eabi/4.9.3/armv7-m\libgcc.a(_udivdi3.o)
                0x00001bec                __udivdi3
 .text.__libc_init_array
                0x00001e5c       0x50 c:/nxp/lpcxpresso_8.0.0_526/lpcxpresso/tools/bin/../lib/gcc/arm-none-eabi/4.9.3/../../../../arm-none-eabi/lib/armv7-m\libc.a(lib_a-init.o)
                0x00001e5c                __libc_init_array
 .text.free     0x00001eac       0x10 c:/nxp/lpcxpresso_8.0.0_526/lpcxpresso/tools/bin/../lib/gcc/arm-none-eabi/4.9.3/../../../../arm-none-eabi/lib/armv7-m\libc.a(lib_a-malloc.o)
                0x00001eac                free
 .text.__malloc_lock
                0x00001ebc        0x4 c:/nxp/lpcxpresso_8.0.0_526/lpcxpresso/tools/bin/../lib/gcc/arm-none-eabi/4.9.3/../../../../arm-none-eabi/lib/armv7-m\libc.a(lib_a-mlock.o)
                0x00001ebc                __malloc_lock
 .text.__malloc_unlock
                0x00001ec0        0x4 c:/nxp/lpcxpresso_8.0.0_526/lpcxpresso/tools/bin/../lib/gcc/arm-none-eabi/4.9.3/../../../../arm-none-eabi/lib/armv7-m\libc.a(lib_a-mlock.o)
                0x00001ec0                __malloc_unlock
 .text._sbrk_r  0x00001ec4       0x24 c:/nxp/lpcxpresso_8.0.0_526/lpcxpresso/tools/bin/../lib/gcc/arm-none-eabi/4.9.3/../../../../arm-none-eabi/lib/armv7-m\libc.a(lib_a-sbrkr.o)
                0x00001ec4                _sbrk_r
 .text._malloc_trim_r
                0x00001ee8       0x9c c:/nxp/lpcxpresso_8.0.0_526/lpcxpresso/tools/bin/../lib/gcc/arm-none-eabi/4.9.3/../../../../arm-none-eabi/lib/armv7-m\libc.a(lib_a-freer.o)
                0x00001ee8                _malloc_trim_r
 .text._free_r  0x00001f84      0x1b0 c:/nxp/lpcxpresso_8.0.0_526/lpcxpresso/tools/bin/../lib/gcc/arm-none-eabi/4.9.3/../../../../arm-none-eabi/lib/armv7-m\libc.a(lib_a-freer.o)
                0x00001f84                _free_r
 .text._sbrk    0x00002134       0x3c c:/nxp/lpcxpresso_8.0.0_526/lpcxpresso/tools/bin/../lib/gcc/arm-none-eabi/4.9.3/../../../../arm-none-eabi/lib/armv7-m\libcr_newlib_nohost.a(_cr_sbrk.o)
                0x00002134                _sbrk
 .text.__check_heap_overflow
                0x00002170       0x18 c:/nxp/lpcxpresso_8.0.0_526/lpcxpresso/tools/bin/../lib/gcc/arm-none-eabi/4.9.3/../../../../arm-none-eabi/lib/armv7-m\libcr_newlib_nohost.a(_cr_check_heap.o)
                0x00002170                __check_heap_overflow
 .text          0x00002188       0x5c c:/nxp/lpcxpresso_8.0.0_526/lpcxpresso/tools/bin/../lib/gcc/arm-none-eabi/4.9.3/armv7-m\crtbegin.o
 .text.__errno  0x000021e4        0xc c:/nxp/lpcxpresso_8.0.0_526/lpcxpresso/tools/bin/../lib/gcc/arm-none-eabi/4.9.3/../../../../arm-none-eabi/lib/armv7-m\libc.a(lib_a-errno.o)
                0x000021e4                __errno
 *(.rodata .rodata.* .constdata .constdata.*)
 .rodata._ZTV4Dice
                0x000021f0       0x10 ./src/TaneProju.o
                0x000021f0                vtable for Dice
 .rodata._ZZN4Dice8SetValueEiE8diceport
                0x00002200        0x7 ./src/TaneProju.o
 *fill*         0x00002207        0x1 
 .rodata._ZZN4Dice8SetValueEiE8dicepins
                0x00002208        0x7 ./src/TaneProju.o
 *fill*         0x0000220f        0x1 
 .rodata.OscRateIn
                0x00002210        0x4 C:\Users\netzky\Documents\LPCXpresso_8.0.0_526\workspace\lpc_board_nxp_lpcxpresso_1549\Debug\liblpc_board_nxp_lpcxpresso_1549.a(board.o)
                0x00002210                OscRateIn
 .rodata.RTCOscRateIn
                0x00002214        0x4 C:\Users\netzky\Documents\LPCXpresso_8.0.0_526\workspace\lpc_board_nxp_lpcxpresso_1549\Debug\liblpc_board_nxp_lpcxpresso_1549.a(board.o)
                0x00002214                RTCOscRateIn
 .rodata.ledpins
                0x00002218        0x3 C:\Users\netzky\Documents\LPCXpresso_8.0.0_526\workspace\lpc_board_nxp_lpcxpresso_1549\Debug\liblpc_board_nxp_lpcxpresso_1549.a(board.o)
 *fill*         0x0000221b        0x1 
 .rodata.ledports
                0x0000221c        0x3 C:\Users\netzky\Documents\LPCXpresso_8.0.0_526\workspace\lpc_board_nxp_lpcxpresso_1549\Debug\liblpc_board_nxp_lpcxpresso_1549.a(board.o)
 *fill*         0x0000221f        0x1 
 .rodata.ioconSetup
                0x00002220       0x74 C:\Users\netzky\Documents\LPCXpresso_8.0.0_526\workspace\lpc_board_nxp_lpcxpresso_1549\Debug\liblpc_board_nxp_lpcxpresso_1549.a(board_sysinit.o)
 .rodata.swmSetup
                0x00002294        0x6 C:\Users\netzky\Documents\LPCXpresso_8.0.0_526\workspace\lpc_board_nxp_lpcxpresso_1549\Debug\liblpc_board_nxp_lpcxpresso_1549.a(board_sysinit.o)
 *fill*         0x0000229a        0x2 
 .rodata.str1.4
                0x0000229c        0x4 c:/nxp/lpcxpresso_8.0.0_526/lpcxpresso/tools/bin/../lib/gcc/arm-none-eabi/4.9.3/../../../../arm-none-eabi/lib/armv7-m\libc.a(lib_a-impure.o)
                                  0x2 (size before relaxing)
                0x000022a0                . = ALIGN (0x4)
                0x000022a0                . = ALIGN (0x4)
 *(.init)
 .init          0x000022a0        0x4 c:/nxp/lpcxpresso_8.0.0_526/lpcxpresso/tools/bin/../lib/gcc/arm-none-eabi/4.9.3/armv7-m\crti.o
                0x000022a0                _init
 .init          0x000022a4        0x8 c:/nxp/lpcxpresso_8.0.0_526/lpcxpresso/tools/bin/../lib/gcc/arm-none-eabi/4.9.3/armv7-m\crtn.o
                0x000022ac                . = ALIGN (0x4)
                0x000022ac                __preinit_array_start = .
 *(.preinit_array)
                0x000022ac                __preinit_array_end = .
                0x000022ac                . = ALIGN (0x4)
                0x000022ac                __init_array_start = .
 *(SORT(.init_array.*))
 *(.init_array)
 .init_array    0x000022ac        0x4 c:/nxp/lpcxpresso_8.0.0_526/lpcxpresso/tools/bin/../lib/gcc/arm-none-eabi/4.9.3/armv7-m\crtbegin.o
                0x000022b0                __init_array_end = .
 *(.fini)
 .fini          0x000022b0        0x4 c:/nxp/lpcxpresso_8.0.0_526/lpcxpresso/tools/bin/../lib/gcc/arm-none-eabi/4.9.3/armv7-m\crti.o
                0x000022b0                _fini
 .fini          0x000022b4        0x8 c:/nxp/lpcxpresso_8.0.0_526/lpcxpresso/tools/bin/../lib/gcc/arm-none-eabi/4.9.3/armv7-m\crtn.o
                0x000022bc                . = ALIGN (0x4)
 *crtbegin.o(.ctors)
 *(EXCLUDE_FILE(*crtend.o) .ctors)
 *(SORT(.ctors.*))
 *crtend.o(.ctors)
                0x000022bc                . = ALIGN (0x4)
 *crtbegin.o(.dtors)
 *(EXCLUDE_FILE(*crtend.o) .dtors)
 *(SORT(.dtors.*))
 *crtend.o(.dtors)
                0x000022bc                . = ALIGN (0x4)

.glue_7         0x000022bc        0x0
 .glue_7        0x00000000        0x0 linker stubs

.glue_7t        0x000022bc        0x0
 .glue_7t       0x00000000        0x0 linker stubs

.vfp11_veneer   0x000022bc        0x0
 .vfp11_veneer  0x00000000        0x0 linker stubs

.v4_bx          0x000022bc        0x0
 .v4_bx         0x00000000        0x0 linker stubs

.iplt           0x000022bc        0x0
 .iplt          0x00000000        0x0 ./src/TaneProju.o

.ARM.extab
 *(.ARM.extab* .gnu.linkonce.armextab.*)
                0x000022bc                __exidx_start = .

.ARM.exidx      0x000022bc        0x8
 *(.ARM.exidx* .gnu.linkonce.armexidx.*)
 .ARM.exidx     0x000022bc        0x8 c:/nxp/lpcxpresso_8.0.0_526/lpcxpresso/tools/bin/../lib/gcc/arm-none-eabi/4.9.3/armv7-m\libgcc.a(_divdi3.o)
 .ARM.exidx     0x000022c4        0x0 c:/nxp/lpcxpresso_8.0.0_526/lpcxpresso/tools/bin/../lib/gcc/arm-none-eabi/4.9.3/armv7-m\libgcc.a(_udivdi3.o)
                                  0x8 (size before relaxing)
                0x000022c4                __exidx_end = .
                0x000022c4                _etext = .

.rel.dyn        0x000022c4        0x0
 .rel.iplt      0x00000000        0x0 ./src/TaneProju.o

.eh_frame       0x000022c4        0x0
 .eh_frame      0x000022c4        0x0 c:/nxp/lpcxpresso_8.0.0_526/lpcxpresso/tools/bin/../lib/gcc/arm-none-eabi/4.9.3/armv7-m\crtbegin.o

.data_RAM2      0x02004000        0x0 load address 0x000022c4
 FILL mask 0xff
                0x02004000                PROVIDE (__start_data_RAM2, .)
 *(.ramfunc.$RAM2)
 *(.ramfunc.$Ram1_16)
 *(.data.$RAM2*)
 *(.data.$Ram1_16*)
                0x02004000                . = ALIGN (0x4)
                0x02004000                PROVIDE (__end_data_RAM2, .)

.data_RAM3      0x02008000        0x0 load address 0x000022c4
 FILL mask 0xff
                0x02008000                PROVIDE (__start_data_RAM3, .)
 *(.ramfunc.$RAM3)
 *(.ramfunc.$Ram2_4)
 *(.data.$RAM3*)
 *(.data.$Ram2_4*)
                0x02008000                . = ALIGN (0x4)
                0x02008000                PROVIDE (__end_data_RAM3, .)

.uninit_RESERVED
                0x02000000        0x0
 *(.bss.$RESERVED*)
                0x02000000                . = ALIGN (0x4)
                0x02000000                _end_uninit_RESERVED = .

.data           0x02000000      0x844 load address 0x000022c4
 FILL mask 0xff
                0x02000000                _data = .
 *(vtable)
 *(.ramfunc*)
 *(.data*)
 .data.calc     0x02000000        0x4 ./src/TaneProju.o
                0x02000000                calc
 .data.__malloc_av_
                0x02000004      0x408 c:/nxp/lpcxpresso_8.0.0_526/lpcxpresso/tools/bin/../lib/gcc/arm-none-eabi/4.9.3/../../../../arm-none-eabi/lib/armv7-m\libc.a(lib_a-mallocr.o)
                0x02000004                __malloc_av_
 .data.__malloc_trim_threshold
                0x0200040c        0x4 c:/nxp/lpcxpresso_8.0.0_526/lpcxpresso/tools/bin/../lib/gcc/arm-none-eabi/4.9.3/../../../../arm-none-eabi/lib/armv7-m\libc.a(lib_a-mallocr.o)
                0x0200040c                __malloc_trim_threshold
 .data.__malloc_sbrk_base
                0x02000410        0x4 c:/nxp/lpcxpresso_8.0.0_526/lpcxpresso/tools/bin/../lib/gcc/arm-none-eabi/4.9.3/../../../../arm-none-eabi/lib/armv7-m\libc.a(lib_a-mallocr.o)
                0x02000410                __malloc_sbrk_base
 *fill*         0x02000414        0x4 
 .data.impure_data
                0x02000418      0x428 c:/nxp/lpcxpresso_8.0.0_526/lpcxpresso/tools/bin/../lib/gcc/arm-none-eabi/4.9.3/../../../../arm-none-eabi/lib/armv7-m\libc.a(lib_a-impure.o)
 .data._impure_ptr
                0x02000840        0x4 c:/nxp/lpcxpresso_8.0.0_526/lpcxpresso/tools/bin/../lib/gcc/arm-none-eabi/4.9.3/../../../../arm-none-eabi/lib/armv7-m\libc.a(lib_a-impure.o)
                0x02000840                _impure_ptr
                0x02000844                . = ALIGN (0x4)
                0x02000844                _edata = .

.igot.plt       0x02000844        0x0 load address 0x00002b08
 .igot.plt      0x00000000        0x0 ./src/TaneProju.o

.jcr            0x02000844        0x0 load address 0x00002b08
 .jcr           0x02000844        0x0 c:/nxp/lpcxpresso_8.0.0_526/lpcxpresso/tools/bin/../lib/gcc/arm-none-eabi/4.9.3/armv7-m\crtbegin.o

.bss_RAM2       0x02004000        0x0
                0x02004000                PROVIDE (__start_bss_RAM2, .)
 *(.bss.$RAM2*)
 *(.bss.$Ram1_16*)
                0x02004000                . = ALIGN ((. != 0x0)?0x4:0x1)
                0x02004000                PROVIDE (__end_bss_RAM2, .)

.bss_RAM3       0x02008000        0x0
                0x02008000                PROVIDE (__start_bss_RAM3, .)
 *(.bss.$RAM3*)
 *(.bss.$Ram2_4*)
                0x02008000                . = ALIGN ((. != 0x0)?0x4:0x1)
                0x02008000                PROVIDE (__end_bss_RAM3, .)

.bss            0x02000844       0x54
                0x02000844                _bss = .
 *(.bss*)
 .bss.__malloc_top_pad
                0x02000844        0x4 c:/nxp/lpcxpresso_8.0.0_526/lpcxpresso/tools/bin/../lib/gcc/arm-none-eabi/4.9.3/../../../../arm-none-eabi/lib/armv7-m\libc.a(lib_a-mallocr.o)
                0x02000844                __malloc_top_pad
 .bss.__malloc_current_mallinfo
                0x02000848       0x28 c:/nxp/lpcxpresso_8.0.0_526/lpcxpresso/tools/bin/../lib/gcc/arm-none-eabi/4.9.3/../../../../arm-none-eabi/lib/armv7-m\libc.a(lib_a-mallocr.o)
                0x02000848                __malloc_current_mallinfo
 .bss           0x02000870       0x1c c:/nxp/lpcxpresso_8.0.0_526/lpcxpresso/tools/bin/../lib/gcc/arm-none-eabi/4.9.3/armv7-m\crtbegin.o
 *(COMMON)
 COMMON         0x0200088c        0x4 C:\Users\netzky\Documents\LPCXpresso_8.0.0_526\workspace\lpc_chip_15xx\Debug\liblpc_chip_15xx.a(chip_15xx.o)
                0x0200088c                SystemCoreClock
 COMMON         0x02000890        0x4 c:/nxp/lpcxpresso_8.0.0_526/lpcxpresso/tools/bin/../lib/gcc/arm-none-eabi/4.9.3/../../../../arm-none-eabi/lib/armv7-m\libc.a(lib_a-reent.o)
                0x02000890                errno
 COMMON         0x02000894        0x4 c:/nxp/lpcxpresso_8.0.0_526/lpcxpresso/tools/bin/../lib/gcc/arm-none-eabi/4.9.3/../../../../arm-none-eabi/lib/armv7-m\libcr_newlib_nohost.a(_cr_sbrk.o)
                0x02000894                __end_of_heap
                0x02000898                . = ALIGN (0x4)
                0x02000898                _ebss = .
                0x02000898                PROVIDE (end, .)

.noinit_RAM2    0x02004000        0x0
 *(.noinit.$RAM2*)
 *(.noinit.$Ram1_16*)
                0x02004000                . = ALIGN (0x4)

.noinit_RAM3    0x02008000        0x0
 *(.noinit.$RAM3*)
 *(.noinit.$Ram2_4*)
                0x02008000                . = ALIGN (0x4)

.noinit         0x02000898        0x0
                0x02000898                _noinit = .
 *(.noinit*)
                0x02000898                . = ALIGN (0x4)
                0x02000898                _end_noinit = .
                0x02000898                PROVIDE (_pvHeapStart, DEFINED (__user_heap_base)?__user_heap_base:.)
                0x02004000                PROVIDE (_vStackTop, DEFINED (__user_stack_top)?__user_stack_top:(__top_Ram0_16 - 0x0))
                0xfdffb2b6                PROVIDE (__valid_user_code_checksum, (0x0 - ((((((_vStackTop + (ResetISR + 0x1)) + (NMI_Handler + 0x1)) + (HardFault_Handler + 0x1)) + (DEFINED (MemManage_Handler)?MemManage_Handler:0x0 + 0x1)) + (DEFINED (BusFault_Handler)?BusFault_Handler:0x0 + 0x1)) + (DEFINED (UsageFault_Handler)?UsageFault_Handler:0x0 + 0x1))))
OUTPUT(TaneProju.axf elf32-littlearm)

.debug_info     0x00000000     0x6fa8
 .debug_info    0x00000000     0x15c8 ./src/TaneProju.o
 .debug_info    0x000015c8      0x1aa ./src/cr_cpp_config.o
 .debug_info    0x00001772      0x29a ./src/cr_startup_lpc15xx.o
 .debug_info    0x00001a0c       0xe7 ./src/sysinit.o
 .debug_info    0x00001af3      0xac8 C:\Users\netzky\Documents\LPCXpresso_8.0.0_526\workspace\lpc_board_nxp_lpcxpresso_1549\Debug\liblpc_board_nxp_lpcxpresso_1549.a(board.o)
 .debug_info    0x000025bb      0xc94 C:\Users\netzky\Documents\LPCXpresso_8.0.0_526\workspace\lpc_board_nxp_lpcxpresso_1549\Debug\liblpc_board_nxp_lpcxpresso_1549.a(board_sysinit.o)
 .debug_info    0x0000324f      0x965 C:\Users\netzky\Documents\LPCXpresso_8.0.0_526\workspace\lpc_chip_15xx\Debug\liblpc_chip_15xx.a(chip_15xx.o)
 .debug_info    0x00003bb4      0xd12 C:\Users\netzky\Documents\LPCXpresso_8.0.0_526\workspace\lpc_chip_15xx\Debug\liblpc_chip_15xx.a(clock_15xx.o)
 .debug_info    0x000048c6      0x612 C:\Users\netzky\Documents\LPCXpresso_8.0.0_526\workspace\lpc_chip_15xx\Debug\liblpc_chip_15xx.a(gpio_15xx.o)
 .debug_info    0x00004ed8      0x1f4 C:\Users\netzky\Documents\LPCXpresso_8.0.0_526\workspace\lpc_chip_15xx\Debug\liblpc_chip_15xx.a(iocon_15xx.o)
 .debug_info    0x000050cc      0x626 C:\Users\netzky\Documents\LPCXpresso_8.0.0_526\workspace\lpc_chip_15xx\Debug\liblpc_chip_15xx.a(swm_15xx.o)
 .debug_info    0x000056f2      0x738 C:\Users\netzky\Documents\LPCXpresso_8.0.0_526\workspace\lpc_chip_15xx\Debug\liblpc_chip_15xx.a(sysctl_15xx.o)
 .debug_info    0x00005e2a      0x71c C:\Users\netzky\Documents\LPCXpresso_8.0.0_526\workspace\lpc_chip_15xx\Debug\liblpc_chip_15xx.a(sysinit_15xx.o)
 .debug_info    0x00006546      0x8cb C:\Users\netzky\Documents\LPCXpresso_8.0.0_526\workspace\lpc_chip_15xx\Debug\liblpc_chip_15xx.a(uart_15xx.o)
 .debug_info    0x00006e11      0x12d c:/nxp/lpcxpresso_8.0.0_526/lpcxpresso/tools/bin/../lib/gcc/arm-none-eabi/4.9.3/../../../../arm-none-eabi/lib/armv7-m\libcr_newlib_nohost.a(_cr_sbrk.o)
 .debug_info    0x00006f3e       0x6a c:/nxp/lpcxpresso_8.0.0_526/lpcxpresso/tools/bin/../lib/gcc/arm-none-eabi/4.9.3/../../../../arm-none-eabi/lib/armv7-m\libcr_newlib_nohost.a(_cr_check_heap.o)

.debug_abbrev   0x00000000     0x1822
 .debug_abbrev  0x00000000      0x3c0 ./src/TaneProju.o
 .debug_abbrev  0x000003c0       0xf4 ./src/cr_cpp_config.o
 .debug_abbrev  0x000004b4       0xf0 ./src/cr_startup_lpc15xx.o
 .debug_abbrev  0x000005a4       0x82 ./src/sysinit.o
 .debug_abbrev  0x00000626      0x20a C:\Users\netzky\Documents\LPCXpresso_8.0.0_526\workspace\lpc_board_nxp_lpcxpresso_1549\Debug\liblpc_board_nxp_lpcxpresso_1549.a(board.o)
 .debug_abbrev  0x00000830      0x202 C:\Users\netzky\Documents\LPCXpresso_8.0.0_526\workspace\lpc_board_nxp_lpcxpresso_1549\Debug\liblpc_board_nxp_lpcxpresso_1549.a(board_sysinit.o)
 .debug_abbrev  0x00000a32      0x1ad C:\Users\netzky\Documents\LPCXpresso_8.0.0_526\workspace\lpc_chip_15xx\Debug\liblpc_chip_15xx.a(chip_15xx.o)
 .debug_abbrev  0x00000bdf      0x281 C:\Users\netzky\Documents\LPCXpresso_8.0.0_526\workspace\lpc_chip_15xx\Debug\liblpc_chip_15xx.a(clock_15xx.o)
 .debug_abbrev  0x00000e60      0x166 C:\Users\netzky\Documents\LPCXpresso_8.0.0_526\workspace\lpc_chip_15xx\Debug\liblpc_chip_15xx.a(gpio_15xx.o)
 .debug_abbrev  0x00000fc6      0x137 C:\Users\netzky\Documents\LPCXpresso_8.0.0_526\workspace\lpc_chip_15xx\Debug\liblpc_chip_15xx.a(iocon_15xx.o)
 .debug_abbrev  0x000010fd      0x13c C:\Users\netzky\Documents\LPCXpresso_8.0.0_526\workspace\lpc_chip_15xx\Debug\liblpc_chip_15xx.a(swm_15xx.o)
 .debug_abbrev  0x00001239      0x129 C:\Users\netzky\Documents\LPCXpresso_8.0.0_526\workspace\lpc_chip_15xx\Debug\liblpc_chip_15xx.a(sysctl_15xx.o)
 .debug_abbrev  0x00001362      0x186 C:\Users\netzky\Documents\LPCXpresso_8.0.0_526\workspace\lpc_chip_15xx\Debug\liblpc_chip_15xx.a(sysinit_15xx.o)
 .debug_abbrev  0x000014e8      0x1e2 C:\Users\netzky\Documents\LPCXpresso_8.0.0_526\workspace\lpc_chip_15xx\Debug\liblpc_chip_15xx.a(uart_15xx.o)
 .debug_abbrev  0x000016ca       0xf6 c:/nxp/lpcxpresso_8.0.0_526/lpcxpresso/tools/bin/../lib/gcc/arm-none-eabi/4.9.3/../../../../arm-none-eabi/lib/armv7-m\libcr_newlib_nohost.a(_cr_sbrk.o)
 .debug_abbrev  0x000017c0       0x62 c:/nxp/lpcxpresso_8.0.0_526/lpcxpresso/tools/bin/../lib/gcc/arm-none-eabi/4.9.3/../../../../arm-none-eabi/lib/armv7-m\libcr_newlib_nohost.a(_cr_check_heap.o)

.debug_aranges  0x00000000      0x6a0
 .debug_aranges
                0x00000000       0x88 ./src/TaneProju.o
 .debug_aranges
                0x00000088       0x48 ./src/cr_cpp_config.o
 .debug_aranges
                0x000000d0       0x80 ./src/cr_startup_lpc15xx.o
 .debug_aranges
                0x00000150       0x20 ./src/sysinit.o
 .debug_aranges
                0x00000170       0xd0 C:\Users\netzky\Documents\LPCXpresso_8.0.0_526\workspace\lpc_board_nxp_lpcxpresso_1549\Debug\liblpc_board_nxp_lpcxpresso_1549.a(board.o)
 .debug_aranges
                0x00000240       0x60 C:\Users\netzky\Documents\LPCXpresso_8.0.0_526\workspace\lpc_board_nxp_lpcxpresso_1549\Debug\liblpc_board_nxp_lpcxpresso_1549.a(board_sysinit.o)
 .debug_aranges
                0x000002a0       0x50 C:\Users\netzky\Documents\LPCXpresso_8.0.0_526\workspace\lpc_chip_15xx\Debug\liblpc_chip_15xx.a(chip_15xx.o)
 .debug_aranges
                0x000002f0      0x128 C:\Users\netzky\Documents\LPCXpresso_8.0.0_526\workspace\lpc_chip_15xx\Debug\liblpc_chip_15xx.a(clock_15xx.o)
 .debug_aranges
                0x00000418       0x70 C:\Users\netzky\Documents\LPCXpresso_8.0.0_526\workspace\lpc_chip_15xx\Debug\liblpc_chip_15xx.a(gpio_15xx.o)
 .debug_aranges
                0x00000488       0x28 C:\Users\netzky\Documents\LPCXpresso_8.0.0_526\workspace\lpc_chip_15xx\Debug\liblpc_chip_15xx.a(iocon_15xx.o)
 .debug_aranges
                0x000004b0       0x40 C:\Users\netzky\Documents\LPCXpresso_8.0.0_526\workspace\lpc_chip_15xx\Debug\liblpc_chip_15xx.a(swm_15xx.o)
 .debug_aranges
                0x000004f0       0x50 C:\Users\netzky\Documents\LPCXpresso_8.0.0_526\workspace\lpc_chip_15xx\Debug\liblpc_chip_15xx.a(sysctl_15xx.o)
 .debug_aranges
                0x00000540       0x58 C:\Users\netzky\Documents\LPCXpresso_8.0.0_526\workspace\lpc_chip_15xx\Debug\liblpc_chip_15xx.a(sysinit_15xx.o)
 .debug_aranges
                0x00000598       0xc8 C:\Users\netzky\Documents\LPCXpresso_8.0.0_526\workspace\lpc_chip_15xx\Debug\liblpc_chip_15xx.a(uart_15xx.o)
 .debug_aranges
                0x00000660       0x20 c:/nxp/lpcxpresso_8.0.0_526/lpcxpresso/tools/bin/../lib/gcc/arm-none-eabi/4.9.3/../../../../arm-none-eabi/lib/armv7-m\libcr_newlib_nohost.a(_cr_sbrk.o)
 .debug_aranges
                0x00000680       0x20 c:/nxp/lpcxpresso_8.0.0_526/lpcxpresso/tools/bin/../lib/gcc/arm-none-eabi/4.9.3/../../../../arm-none-eabi/lib/armv7-m\libcr_newlib_nohost.a(_cr_check_heap.o)

.debug_ranges   0x00000000      0x5a0
 .debug_ranges  0x00000000       0x78 ./src/TaneProju.o
 .debug_ranges  0x00000078       0x38 ./src/cr_cpp_config.o
 .debug_ranges  0x000000b0       0x70 ./src/cr_startup_lpc15xx.o
 .debug_ranges  0x00000120       0x10 ./src/sysinit.o
 .debug_ranges  0x00000130       0xc0 C:\Users\netzky\Documents\LPCXpresso_8.0.0_526\workspace\lpc_board_nxp_lpcxpresso_1549\Debug\liblpc_board_nxp_lpcxpresso_1549.a(board.o)
 .debug_ranges  0x000001f0       0x50 C:\Users\netzky\Documents\LPCXpresso_8.0.0_526\workspace\lpc_board_nxp_lpcxpresso_1549\Debug\liblpc_board_nxp_lpcxpresso_1549.a(board_sysinit.o)
 .debug_ranges  0x00000240       0x40 C:\Users\netzky\Documents\LPCXpresso_8.0.0_526\workspace\lpc_chip_15xx\Debug\liblpc_chip_15xx.a(chip_15xx.o)
 .debug_ranges  0x00000280      0x118 C:\Users\netzky\Documents\LPCXpresso_8.0.0_526\workspace\lpc_chip_15xx\Debug\liblpc_chip_15xx.a(clock_15xx.o)
 .debug_ranges  0x00000398       0x60 C:\Users\netzky\Documents\LPCXpresso_8.0.0_526\workspace\lpc_chip_15xx\Debug\liblpc_chip_15xx.a(gpio_15xx.o)
 .debug_ranges  0x000003f8       0x18 C:\Users\netzky\Documents\LPCXpresso_8.0.0_526\workspace\lpc_chip_15xx\Debug\liblpc_chip_15xx.a(iocon_15xx.o)
 .debug_ranges  0x00000410       0x30 C:\Users\netzky\Documents\LPCXpresso_8.0.0_526\workspace\lpc_chip_15xx\Debug\liblpc_chip_15xx.a(swm_15xx.o)
 .debug_ranges  0x00000440       0x40 C:\Users\netzky\Documents\LPCXpresso_8.0.0_526\workspace\lpc_chip_15xx\Debug\liblpc_chip_15xx.a(sysctl_15xx.o)
 .debug_ranges  0x00000480       0x48 C:\Users\netzky\Documents\LPCXpresso_8.0.0_526\workspace\lpc_chip_15xx\Debug\liblpc_chip_15xx.a(sysinit_15xx.o)
 .debug_ranges  0x000004c8       0xb8 C:\Users\netzky\Documents\LPCXpresso_8.0.0_526\workspace\lpc_chip_15xx\Debug\liblpc_chip_15xx.a(uart_15xx.o)
 .debug_ranges  0x00000580       0x10 c:/nxp/lpcxpresso_8.0.0_526/lpcxpresso/tools/bin/../lib/gcc/arm-none-eabi/4.9.3/../../../../arm-none-eabi/lib/armv7-m\libcr_newlib_nohost.a(_cr_sbrk.o)
 .debug_ranges  0x00000590       0x10 c:/nxp/lpcxpresso_8.0.0_526/lpcxpresso/tools/bin/../lib/gcc/arm-none-eabi/4.9.3/../../../../arm-none-eabi/lib/armv7-m\libcr_newlib_nohost.a(_cr_check_heap.o)

.debug_macro    0x00000000     0x79f4
 .debug_macro   0x00000000      0x369 ./src/TaneProju.o
 .debug_macro   0x00000369      0x8a4 ./src/TaneProju.o
 .debug_macro   0x00000c0d       0x22 ./src/TaneProju.o
 .debug_macro   0x00000c2f       0x44 ./src/TaneProju.o
 .debug_macro   0x00000c73       0xe3 ./src/TaneProju.o
 .debug_macro   0x00000d56       0x22 ./src/TaneProju.o
 .debug_macro   0x00000d78      0x1df ./src/TaneProju.o
 .debug_macro   0x00000f57       0x28 ./src/TaneProju.o
 .debug_macro   0x00000f7f       0x7b ./src/TaneProju.o
 .debug_macro   0x00000ffa       0x10 ./src/TaneProju.o
 .debug_macro   0x0000100a       0x2d ./src/TaneProju.o
 .debug_macro   0x00001037       0x3a ./src/TaneProju.o
 .debug_macro   0x00001071       0x2d ./src/TaneProju.o
 .debug_macro   0x0000109e      0xa7d ./src/TaneProju.o
 .debug_macro   0x00001b1b      0x1b4 ./src/TaneProju.o
 .debug_macro   0x00001ccf       0xca ./src/TaneProju.o
 .debug_macro   0x00001d99       0x18 ./src/TaneProju.o
 .debug_macro   0x00001db1       0xb2 ./src/TaneProju.o
 .debug_macro   0x00001e63       0x70 ./src/TaneProju.o
 .debug_macro   0x00001ed3       0x46 ./src/TaneProju.o
 .debug_macro   0x00001f19       0xd0 ./src/TaneProju.o
 .debug_macro   0x00001fe9       0x40 ./src/TaneProju.o
 .debug_macro   0x00002029      0x233 ./src/TaneProju.o
 .debug_macro   0x0000225c       0x16 ./src/TaneProju.o
 .debug_macro   0x00002272       0x88 ./src/TaneProju.o
 .debug_macro   0x000022fa       0x34 ./src/TaneProju.o
 .debug_macro   0x0000232e       0x6a ./src/TaneProju.o
 .debug_macro   0x00002398       0x40 ./src/TaneProju.o
 .debug_macro   0x000023d8       0x1c ./src/TaneProju.o
 .debug_macro   0x000023f4       0x16 ./src/TaneProju.o
 .debug_macro   0x0000240a      0x10c ./src/TaneProju.o
 .debug_macro   0x00002516      0x2a9 ./src/TaneProju.o
 .debug_macro   0x000027bf       0x76 ./src/TaneProju.o
 .debug_macro   0x00002835       0x22 ./src/TaneProju.o
 .debug_macro   0x00002857      0x152 ./src/TaneProju.o
 .debug_macro   0x000029a9       0x82 ./src/TaneProju.o
 .debug_macro   0x00002a2b       0xe6 ./src/TaneProju.o
 .debug_macro   0x00002b11       0x3a ./src/TaneProju.o
 .debug_macro   0x00002b4b       0x34 ./src/TaneProju.o
 .debug_macro   0x00002b7f       0x10 ./src/TaneProju.o
 .debug_macro   0x00002b8f       0x76 ./src/TaneProju.o
 .debug_macro   0x00002c05       0x58 ./src/TaneProju.o
 .debug_macro   0x00002c5d      0x2ca ./src/TaneProju.o
 .debug_macro   0x00002f27      0x22b ./src/TaneProju.o
 .debug_macro   0x00003152       0x2e ./src/TaneProju.o
 .debug_macro   0x00003180       0x34 ./src/TaneProju.o
 .debug_macro   0x000031b4       0x58 ./src/TaneProju.o
 .debug_macro   0x0000320c       0x35 ./src/TaneProju.o
 .debug_macro   0x00003241       0x9c ./src/TaneProju.o
 .debug_macro   0x000032dd       0x16 ./src/TaneProju.o
 .debug_macro   0x000032f3       0x97 ./src/TaneProju.o
 .debug_macro   0x0000338a      0x2b2 ./src/TaneProju.o
 .debug_macro   0x0000363c       0xef ./src/TaneProju.o
 .debug_macro   0x0000372b       0x10 ./src/TaneProju.o
 .debug_macro   0x0000373b       0x52 ./src/TaneProju.o
 .debug_macro   0x0000378d       0x16 ./src/TaneProju.o
 .debug_macro   0x000037a3       0x43 ./src/TaneProju.o
 .debug_macro   0x000037e6      0x180 ./src/TaneProju.o
 .debug_macro   0x00003966       0x10 ./src/TaneProju.o
 .debug_macro   0x00003976       0x22 ./src/TaneProju.o
 .debug_macro   0x00003998       0xbe ./src/TaneProju.o
 .debug_macro   0x00003a56       0x16 ./src/TaneProju.o
 .debug_macro   0x00003a6c      0x197 ./src/TaneProju.o
 .debug_macro   0x00003c03       0x20 ./src/TaneProju.o
 .debug_macro   0x00003c23       0x82 ./src/TaneProju.o
 .debug_macro   0x00003ca5       0xe2 ./src/cr_cpp_config.o
 .debug_macro   0x00003d87       0x16 ./src/cr_cpp_config.o
 .debug_macro   0x00003d9d      0x10e ./src/cr_cpp_config.o
 .debug_macro   0x00003eab       0x7f ./src/cr_cpp_config.o
 .debug_macro   0x00003f2a       0x4a ./src/cr_cpp_config.o
 .debug_macro   0x00003f74       0x16 ./src/cr_cpp_config.o
 .debug_macro   0x00003f8a       0x29 ./src/cr_cpp_config.o
 .debug_macro   0x00003fb3       0x23 ./src/cr_startup_lpc15xx.o
 .debug_macro   0x00003fd6      0x354 ./src/sysinit.o
 .debug_macro   0x0000432a       0x22 ./src/sysinit.o
 .debug_macro   0x0000434c      0xa7d ./src/sysinit.o
 .debug_macro   0x00004dc9       0x9c ./src/sysinit.o
 .debug_macro   0x00004e65       0x97 ./src/sysinit.o
 .debug_macro   0x00004efc      0x29d ./src/sysinit.o
 .debug_macro   0x00005199       0xef ./src/sysinit.o
 .debug_macro   0x00005288       0x43 ./src/sysinit.o
 .debug_macro   0x000052cb      0x284 C:\Users\netzky\Documents\LPCXpresso_8.0.0_526\workspace\lpc_board_nxp_lpcxpresso_1549\Debug\liblpc_board_nxp_lpcxpresso_1549.a(board.o)
 .debug_macro   0x0000554f      0x874 C:\Users\netzky\Documents\LPCXpresso_8.0.0_526\workspace\lpc_board_nxp_lpcxpresso_1549\Debug\liblpc_board_nxp_lpcxpresso_1549.a(board.o)
 .debug_macro   0x00005dc3       0x10 C:\Users\netzky\Documents\LPCXpresso_8.0.0_526\workspace\lpc_board_nxp_lpcxpresso_1549\Debug\liblpc_board_nxp_lpcxpresso_1549.a(board.o)
 .debug_macro   0x00005dd3      0x12d C:\Users\netzky\Documents\LPCXpresso_8.0.0_526\workspace\lpc_board_nxp_lpcxpresso_1549\Debug\liblpc_board_nxp_lpcxpresso_1549.a(board.o)
 .debug_macro   0x00005f00      0x5b2 C:\Users\netzky\Documents\LPCXpresso_8.0.0_526\workspace\lpc_board_nxp_lpcxpresso_1549\Debug\liblpc_board_nxp_lpcxpresso_1549.a(board.o)
 .debug_macro   0x000064b2       0x22 C:\Users\netzky\Documents\LPCXpresso_8.0.0_526\workspace\lpc_board_nxp_lpcxpresso_1549\Debug\liblpc_board_nxp_lpcxpresso_1549.a(board.o)
 .debug_macro   0x000064d4       0x9a C:\Users\netzky\Documents\LPCXpresso_8.0.0_526\workspace\lpc_board_nxp_lpcxpresso_1549\Debug\liblpc_board_nxp_lpcxpresso_1549.a(board.o)
 .debug_macro   0x0000656e       0x12 C:\Users\netzky\Documents\LPCXpresso_8.0.0_526\workspace\lpc_board_nxp_lpcxpresso_1549\Debug\liblpc_board_nxp_lpcxpresso_1549.a(board.o)
 .debug_macro   0x00006580      0x288 C:\Users\netzky\Documents\LPCXpresso_8.0.0_526\workspace\lpc_board_nxp_lpcxpresso_1549\Debug\liblpc_board_nxp_lpcxpresso_1549.a(board_sysinit.o)
 .debug_macro   0x00006808      0x239 C:\Users\netzky\Documents\LPCXpresso_8.0.0_526\workspace\lpc_chip_15xx\Debug\liblpc_chip_15xx.a(chip_15xx.o)
 .debug_macro   0x00006a41      0x239 C:\Users\netzky\Documents\LPCXpresso_8.0.0_526\workspace\lpc_chip_15xx\Debug\liblpc_chip_15xx.a(clock_15xx.o)
 .debug_macro   0x00006c7a      0x239 C:\Users\netzky\Documents\LPCXpresso_8.0.0_526\workspace\lpc_chip_15xx\Debug\liblpc_chip_15xx.a(gpio_15xx.o)
 .debug_macro   0x00006eb3      0x239 C:\Users\netzky\Documents\LPCXpresso_8.0.0_526\workspace\lpc_chip_15xx\Debug\liblpc_chip_15xx.a(iocon_15xx.o)
 .debug_macro   0x000070ec      0x245 C:\Users\netzky\Documents\LPCXpresso_8.0.0_526\workspace\lpc_chip_15xx\Debug\liblpc_chip_15xx.a(swm_15xx.o)
 .debug_macro   0x00007331      0x251 C:\Users\netzky\Documents\LPCXpresso_8.0.0_526\workspace\lpc_chip_15xx\Debug\liblpc_chip_15xx.a(sysctl_15xx.o)
 .debug_macro   0x00007582      0x239 C:\Users\netzky\Documents\LPCXpresso_8.0.0_526\workspace\lpc_chip_15xx\Debug\liblpc_chip_15xx.a(sysinit_15xx.o)
 .debug_macro   0x000077bb      0x239 C:\Users\netzky\Documents\LPCXpresso_8.0.0_526\workspace\lpc_chip_15xx\Debug\liblpc_chip_15xx.a(uart_15xx.o)

.debug_line     0x00000000     0x488e
 .debug_line    0x00000000      0x7da ./src/TaneProju.o
 .debug_line    0x000007da      0x282 ./src/cr_cpp_config.o
 .debug_line    0x00000a5c       0xd5 ./src/cr_startup_lpc15xx.o
 .debug_line    0x00000b31      0x60d ./src/sysinit.o
 .debug_line    0x0000113e      0x6dc C:\Users\netzky\Documents\LPCXpresso_8.0.0_526\workspace\lpc_board_nxp_lpcxpresso_1549\Debug\liblpc_board_nxp_lpcxpresso_1549.a(board.o)
 .debug_line    0x0000181a      0x59e C:\Users\netzky\Documents\LPCXpresso_8.0.0_526\workspace\lpc_board_nxp_lpcxpresso_1549\Debug\liblpc_board_nxp_lpcxpresso_1549.a(board_sysinit.o)
 .debug_line    0x00001db8      0x4ba C:\Users\netzky\Documents\LPCXpresso_8.0.0_526\workspace\lpc_chip_15xx\Debug\liblpc_chip_15xx.a(chip_15xx.o)
 .debug_line    0x00002272      0x70b C:\Users\netzky\Documents\LPCXpresso_8.0.0_526\workspace\lpc_chip_15xx\Debug\liblpc_chip_15xx.a(clock_15xx.o)
 .debug_line    0x0000297d      0x50e C:\Users\netzky\Documents\LPCXpresso_8.0.0_526\workspace\lpc_chip_15xx\Debug\liblpc_chip_15xx.a(gpio_15xx.o)
 .debug_line    0x00002e8b      0x45a C:\Users\netzky\Documents\LPCXpresso_8.0.0_526\workspace\lpc_chip_15xx\Debug\liblpc_chip_15xx.a(iocon_15xx.o)
 .debug_line    0x000032e5      0x484 C:\Users\netzky\Documents\LPCXpresso_8.0.0_526\workspace\lpc_chip_15xx\Debug\liblpc_chip_15xx.a(swm_15xx.o)
 .debug_line    0x00003769      0x4ba C:\Users\netzky\Documents\LPCXpresso_8.0.0_526\workspace\lpc_chip_15xx\Debug\liblpc_chip_15xx.a(sysctl_15xx.o)
 .debug_line    0x00003c23      0x4ef C:\Users\netzky\Documents\LPCXpresso_8.0.0_526\workspace\lpc_chip_15xx\Debug\liblpc_chip_15xx.a(sysinit_15xx.o)
 .debug_line    0x00004112      0x62e C:\Users\netzky\Documents\LPCXpresso_8.0.0_526\workspace\lpc_chip_15xx\Debug\liblpc_chip_15xx.a(uart_15xx.o)
 .debug_line    0x00004740      0x101 c:/nxp/lpcxpresso_8.0.0_526/lpcxpresso/tools/bin/../lib/gcc/arm-none-eabi/4.9.3/../../../../arm-none-eabi/lib/armv7-m\libcr_newlib_nohost.a(_cr_sbrk.o)
 .debug_line    0x00004841       0x4d c:/nxp/lpcxpresso_8.0.0_526/lpcxpresso/tools/bin/../lib/gcc/arm-none-eabi/4.9.3/../../../../arm-none-eabi/lib/armv7-m\libcr_newlib_nohost.a(_cr_check_heap.o)

.debug_str      0x00000000    0x1797a
 .debug_str     0x00000000    0x13bfc ./src/TaneProju.o
                              0x13ef2 (size before relaxing)
 .debug_str     0x00013bfc      0x1bb ./src/cr_cpp_config.o
                               0x4e44 (size before relaxing)
 .debug_str     0x00013db7      0x1f9 ./src/cr_startup_lpc15xx.o
                               0x272d (size before relaxing)
 .debug_str     0x00013fb0      0x26c ./src/sysinit.o
                              0x118c8 (size before relaxing)
 .debug_str     0x0001421c     0x1b84 C:\Users\netzky\Documents\LPCXpresso_8.0.0_526\workspace\lpc_board_nxp_lpcxpresso_1549\Debug\liblpc_board_nxp_lpcxpresso_1549.a(board.o)
                               0xff1f (size before relaxing)
 .debug_str     0x00015da0      0x7d4 C:\Users\netzky\Documents\LPCXpresso_8.0.0_526\workspace\lpc_board_nxp_lpcxpresso_1549\Debug\liblpc_board_nxp_lpcxpresso_1549.a(board_sysinit.o)
                              0x10511 (size before relaxing)
 .debug_str     0x00016574       0xc9 C:\Users\netzky\Documents\LPCXpresso_8.0.0_526\workspace\lpc_chip_15xx\Debug\liblpc_chip_15xx.a(chip_15xx.o)
                               0xfc65 (size before relaxing)
 .debug_str     0x0001663d      0x64c C:\Users\netzky\Documents\LPCXpresso_8.0.0_526\workspace\lpc_chip_15xx\Debug\liblpc_chip_15xx.a(clock_15xx.o)
                              0x10065 (size before relaxing)
 .debug_str     0x00016c89       0xdf C:\Users\netzky\Documents\LPCXpresso_8.0.0_526\workspace\lpc_chip_15xx\Debug\liblpc_chip_15xx.a(gpio_15xx.o)
                               0xf712 (size before relaxing)
 .debug_str     0x00016d68       0x41 C:\Users\netzky\Documents\LPCXpresso_8.0.0_526\workspace\lpc_chip_15xx\Debug\liblpc_chip_15xx.a(iocon_15xx.o)
                               0xf22f (size before relaxing)
 .debug_str     0x00016da9      0x55d C:\Users\netzky\Documents\LPCXpresso_8.0.0_526\workspace\lpc_chip_15xx\Debug\liblpc_chip_15xx.a(swm_15xx.o)
                               0xfc37 (size before relaxing)
 .debug_str     0x00017306      0x183 C:\Users\netzky\Documents\LPCXpresso_8.0.0_526\workspace\lpc_chip_15xx\Debug\liblpc_chip_15xx.a(sysctl_15xx.o)
                               0xf71c (size before relaxing)
 .debug_str     0x00017489      0x13f C:\Users\netzky\Documents\LPCXpresso_8.0.0_526\workspace\lpc_chip_15xx\Debug\liblpc_chip_15xx.a(sysinit_15xx.o)
                               0xf70b (size before relaxing)
 .debug_str     0x000175c8      0x215 C:\Users\netzky\Documents\LPCXpresso_8.0.0_526\workspace\lpc_chip_15xx\Debug\liblpc_chip_15xx.a(uart_15xx.o)
                               0xf86e (size before relaxing)
 .debug_str     0x000177dd      0x178 c:/nxp/lpcxpresso_8.0.0_526/lpcxpresso/tools/bin/../lib/gcc/arm-none-eabi/4.9.3/../../../../arm-none-eabi/lib/armv7-m\libcr_newlib_nohost.a(_cr_sbrk.o)
                                0x211 (size before relaxing)
 .debug_str     0x00017955       0x25 c:/nxp/lpcxpresso_8.0.0_526/lpcxpresso/tools/bin/../lib/gcc/arm-none-eabi/4.9.3/../../../../arm-none-eabi/lib/armv7-m\libcr_newlib_nohost.a(_cr_check_heap.o)
                                0x15f (size before relaxing)

.comment        0x00000000       0xe0
 .comment       0x00000000       0x70 ./src/TaneProju.o
                                 0x71 (size before relaxing)
 .comment       0x00000000       0x71 ./src/cr_cpp_config.o
 .comment       0x00000000       0x71 ./src/cr_startup_lpc15xx.o
 .comment       0x00000000       0x71 ./src/sysinit.o
 .comment       0x00000000       0x71 C:\Users\netzky\Documents\LPCXpresso_8.0.0_526\workspace\lpc_board_nxp_lpcxpresso_1549\Debug\liblpc_board_nxp_lpcxpresso_1549.a(board.o)
 .comment       0x00000000       0x71 C:\Users\netzky\Documents\LPCXpresso_8.0.0_526\workspace\lpc_board_nxp_lpcxpresso_1549\Debug\liblpc_board_nxp_lpcxpresso_1549.a(board_sysinit.o)
 .comment       0x00000000       0x71 C:\Users\netzky\Documents\LPCXpresso_8.0.0_526\workspace\lpc_chip_15xx\Debug\liblpc_chip_15xx.a(chip_15xx.o)
 .comment       0x00000000       0x71 C:\Users\netzky\Documents\LPCXpresso_8.0.0_526\workspace\lpc_chip_15xx\Debug\liblpc_chip_15xx.a(clock_15xx.o)
 .comment       0x00000000       0x71 C:\Users\netzky\Documents\LPCXpresso_8.0.0_526\workspace\lpc_chip_15xx\Debug\liblpc_chip_15xx.a(gpio_15xx.o)
 .comment       0x00000000       0x71 C:\Users\netzky\Documents\LPCXpresso_8.0.0_526\workspace\lpc_chip_15xx\Debug\liblpc_chip_15xx.a(iocon_15xx.o)
 .comment       0x00000000       0x71 C:\Users\netzky\Documents\LPCXpresso_8.0.0_526\workspace\lpc_chip_15xx\Debug\liblpc_chip_15xx.a(swm_15xx.o)
 .comment       0x00000000       0x71 C:\Users\netzky\Documents\LPCXpresso_8.0.0_526\workspace\lpc_chip_15xx\Debug\liblpc_chip_15xx.a(sysctl_15xx.o)
 .comment       0x00000000       0x71 C:\Users\netzky\Documents\LPCXpresso_8.0.0_526\workspace\lpc_chip_15xx\Debug\liblpc_chip_15xx.a(sysinit_15xx.o)
 .comment       0x00000000       0x71 C:\Users\netzky\Documents\LPCXpresso_8.0.0_526\workspace\lpc_chip_15xx\Debug\liblpc_chip_15xx.a(uart_15xx.o)
 .comment       0x00000070       0x70 c:/nxp/lpcxpresso_8.0.0_526/lpcxpresso/tools/bin/../lib/gcc/arm-none-eabi/4.9.3/../../../../arm-none-eabi/lib/armv7-m\libcr_newlib_nohost.a(_cr_sbrk.o)
                                 0x71 (size before relaxing)
 .comment       0x00000000       0x71 c:/nxp/lpcxpresso_8.0.0_526/lpcxpresso/tools/bin/../lib/gcc/arm-none-eabi/4.9.3/../../../../arm-none-eabi/lib/armv7-m\libcr_newlib_nohost.a(_cr_check_heap.o)

.ARM.attributes
                0x00000000       0x31
 .ARM.attributes
                0x00000000       0x33 ./src/TaneProju.o
 .ARM.attributes
                0x00000033       0x33 ./src/cr_cpp_config.o
 .ARM.attributes
                0x00000066       0x33 ./src/cr_startup_lpc15xx.o
 .ARM.attributes
                0x00000099       0x33 ./src/sysinit.o
 .ARM.attributes
                0x000000cc       0x33 C:\Users\netzky\Documents\LPCXpresso_8.0.0_526\workspace\lpc_board_nxp_lpcxpresso_1549\Debug\liblpc_board_nxp_lpcxpresso_1549.a(board.o)
 .ARM.attributes
                0x000000ff       0x33 C:\Users\netzky\Documents\LPCXpresso_8.0.0_526\workspace\lpc_board_nxp_lpcxpresso_1549\Debug\liblpc_board_nxp_lpcxpresso_1549.a(board_sysinit.o)
 .ARM.attributes
                0x00000132       0x33 C:\Users\netzky\Documents\LPCXpresso_8.0.0_526\workspace\lpc_chip_15xx\Debug\liblpc_chip_15xx.a(chip_15xx.o)
 .ARM.attributes
                0x00000165       0x33 C:\Users\netzky\Documents\LPCXpresso_8.0.0_526\workspace\lpc_chip_15xx\Debug\liblpc_chip_15xx.a(clock_15xx.o)
 .ARM.attributes
                0x00000198       0x33 C:\Users\netzky\Documents\LPCXpresso_8.0.0_526\workspace\lpc_chip_15xx\Debug\liblpc_chip_15xx.a(gpio_15xx.o)
 .ARM.attributes
                0x000001cb       0x33 C:\Users\netzky\Documents\LPCXpresso_8.0.0_526\workspace\lpc_chip_15xx\Debug\liblpc_chip_15xx.a(iocon_15xx.o)
 .ARM.attributes
                0x000001fe       0x33 C:\Users\netzky\Documents\LPCXpresso_8.0.0_526\workspace\lpc_chip_15xx\Debug\liblpc_chip_15xx.a(swm_15xx.o)
 .ARM.attributes
                0x00000231       0x33 C:\Users\netzky\Documents\LPCXpresso_8.0.0_526\workspace\lpc_chip_15xx\Debug\liblpc_chip_15xx.a(sysctl_15xx.o)
 .ARM.attributes
                0x00000264       0x33 C:\Users\netzky\Documents\LPCXpresso_8.0.0_526\workspace\lpc_chip_15xx\Debug\liblpc_chip_15xx.a(sysinit_15xx.o)
 .ARM.attributes
                0x00000297       0x33 C:\Users\netzky\Documents\LPCXpresso_8.0.0_526\workspace\lpc_chip_15xx\Debug\liblpc_chip_15xx.a(uart_15xx.o)
 .ARM.attributes
                0x000002ca       0x1d c:/nxp/lpcxpresso_8.0.0_526/lpcxpresso/tools/bin/../lib/gcc/arm-none-eabi/4.9.3/armv7-m\libgcc.a(_aeabi_uldivmod.o)
 .ARM.attributes
                0x000002e7       0x2d c:/nxp/lpcxpresso_8.0.0_526/lpcxpresso/tools/bin/../lib/gcc/arm-none-eabi/4.9.3/armv7-m\libgcc.a(bpabi.o)
 .ARM.attributes
                0x00000314       0x1d c:/nxp/lpcxpresso_8.0.0_526/lpcxpresso/tools/bin/../lib/gcc/arm-none-eabi/4.9.3/armv7-m\libgcc.a(_dvmd_tls.o)
 .ARM.attributes
                0x00000331       0x2d c:/nxp/lpcxpresso_8.0.0_526/lpcxpresso/tools/bin/../lib/gcc/arm-none-eabi/4.9.3/armv7-m\libgcc.a(_divdi3.o)
 .ARM.attributes
                0x0000035e       0x2d c:/nxp/lpcxpresso_8.0.0_526/lpcxpresso/tools/bin/../lib/gcc/arm-none-eabi/4.9.3/armv7-m\libgcc.a(_udivdi3.o)
 .ARM.attributes
                0x0000038b       0x2d c:/nxp/lpcxpresso_8.0.0_526/lpcxpresso/tools/bin/../lib/gcc/arm-none-eabi/4.9.3/../../../../arm-none-eabi/lib/armv7-m\libc.a(lib_a-init.o)
 .ARM.attributes
                0x000003b8       0x2d c:/nxp/lpcxpresso_8.0.0_526/lpcxpresso/tools/bin/../lib/gcc/arm-none-eabi/4.9.3/../../../../arm-none-eabi/lib/armv7-m\libc.a(lib_a-malloc.o)
 .ARM.attributes
                0x000003e5       0x2d c:/nxp/lpcxpresso_8.0.0_526/lpcxpresso/tools/bin/../lib/gcc/arm-none-eabi/4.9.3/../../../../arm-none-eabi/lib/armv7-m\libc.a(lib_a-mallocr.o)
 .ARM.attributes
                0x00000412       0x2d c:/nxp/lpcxpresso_8.0.0_526/lpcxpresso/tools/bin/../lib/gcc/arm-none-eabi/4.9.3/../../../../arm-none-eabi/lib/armv7-m\libc.a(lib_a-mlock.o)
 .ARM.attributes
                0x0000043f       0x2d c:/nxp/lpcxpresso_8.0.0_526/lpcxpresso/tools/bin/../lib/gcc/arm-none-eabi/4.9.3/../../../../arm-none-eabi/lib/armv7-m\libc.a(lib_a-sbrkr.o)
 .ARM.attributes
                0x0000046c       0x2d c:/nxp/lpcxpresso_8.0.0_526/lpcxpresso/tools/bin/../lib/gcc/arm-none-eabi/4.9.3/../../../../arm-none-eabi/lib/armv7-m\libc.a(lib_a-freer.o)
 .ARM.attributes
                0x00000499       0x2d c:/nxp/lpcxpresso_8.0.0_526/lpcxpresso/tools/bin/../lib/gcc/arm-none-eabi/4.9.3/../../../../arm-none-eabi/lib/armv7-m\libc.a(lib_a-impure.o)
 .ARM.attributes
                0x000004c6       0x2d c:/nxp/lpcxpresso_8.0.0_526/lpcxpresso/tools/bin/../lib/gcc/arm-none-eabi/4.9.3/../../../../arm-none-eabi/lib/armv7-m\libc.a(lib_a-reent.o)
 .ARM.attributes
                0x000004f3       0x33 c:/nxp/lpcxpresso_8.0.0_526/lpcxpresso/tools/bin/../lib/gcc/arm-none-eabi/4.9.3/../../../../arm-none-eabi/lib/armv7-m\libcr_newlib_nohost.a(_cr_sbrk.o)
 .ARM.attributes
                0x00000526       0x33 c:/nxp/lpcxpresso_8.0.0_526/lpcxpresso/tools/bin/../lib/gcc/arm-none-eabi/4.9.3/../../../../arm-none-eabi/lib/armv7-m\libcr_newlib_nohost.a(_cr_check_heap.o)
 .ARM.attributes
                0x00000559       0x1d c:/nxp/lpcxpresso_8.0.0_526/lpcxpresso/tools/bin/../lib/gcc/arm-none-eabi/4.9.3/armv7-m\crti.o
 .ARM.attributes
                0x00000576       0x1d c:/nxp/lpcxpresso_8.0.0_526/lpcxpresso/tools/bin/../lib/gcc/arm-none-eabi/4.9.3/armv7-m\crtn.o
 .ARM.attributes
                0x00000593       0x2d c:/nxp/lpcxpresso_8.0.0_526/lpcxpresso/tools/bin/../lib/gcc/arm-none-eabi/4.9.3/armv7-m\crtbegin.o
 .ARM.attributes
                0x000005c0       0x2d c:/nxp/lpcxpresso_8.0.0_526/lpcxpresso/tools/bin/../lib/gcc/arm-none-eabi/4.9.3/../../../../arm-none-eabi/lib/armv7-m\libc.a(lib_a-errno.o)

.debug_frame    0x00000000     0x1aa8
 .debug_frame   0x00000000      0x220 ./src/TaneProju.o
 .debug_frame   0x00000220       0xe0 ./src/cr_cpp_config.o
 .debug_frame   0x00000300      0x170 ./src/cr_startup_lpc15xx.o
 .debug_frame   0x00000470       0x2c ./src/sysinit.o
 .debug_frame   0x0000049c      0x360 C:\Users\netzky\Documents\LPCXpresso_8.0.0_526\workspace\lpc_board_nxp_lpcxpresso_1549\Debug\liblpc_board_nxp_lpcxpresso_1549.a(board.o)
 .debug_frame   0x000007fc      0x150 C:\Users\netzky\Documents\LPCXpresso_8.0.0_526\workspace\lpc_board_nxp_lpcxpresso_1549\Debug\liblpc_board_nxp_lpcxpresso_1549.a(board_sysinit.o)
 .debug_frame   0x0000094c      0x104 C:\Users\netzky\Documents\LPCXpresso_8.0.0_526\workspace\lpc_chip_15xx\Debug\liblpc_chip_15xx.a(chip_15xx.o)
 .debug_frame   0x00000a50      0x4b0 C:\Users\netzky\Documents\LPCXpresso_8.0.0_526\workspace\lpc_chip_15xx\Debug\liblpc_chip_15xx.a(clock_15xx.o)
 .debug_frame   0x00000f00      0x1b4 C:\Users\netzky\Documents\LPCXpresso_8.0.0_526\workspace\lpc_chip_15xx\Debug\liblpc_chip_15xx.a(gpio_15xx.o)
 .debug_frame   0x000010b4       0x60 C:\Users\netzky\Documents\LPCXpresso_8.0.0_526\workspace\lpc_chip_15xx\Debug\liblpc_chip_15xx.a(iocon_15xx.o)
 .debug_frame   0x00001114       0xd4 C:\Users\netzky\Documents\LPCXpresso_8.0.0_526\workspace\lpc_chip_15xx\Debug\liblpc_chip_15xx.a(swm_15xx.o)
 .debug_frame   0x000011e8      0x124 C:\Users\netzky\Documents\LPCXpresso_8.0.0_526\workspace\lpc_chip_15xx\Debug\liblpc_chip_15xx.a(sysctl_15xx.o)
 .debug_frame   0x0000130c      0x134 C:\Users\netzky\Documents\LPCXpresso_8.0.0_526\workspace\lpc_chip_15xx\Debug\liblpc_chip_15xx.a(sysinit_15xx.o)
 .debug_frame   0x00001440      0x340 C:\Users\netzky\Documents\LPCXpresso_8.0.0_526\workspace\lpc_chip_15xx\Debug\liblpc_chip_15xx.a(uart_15xx.o)
 .debug_frame   0x00001780       0x28 c:/nxp/lpcxpresso_8.0.0_526/lpcxpresso/tools/bin/../lib/gcc/arm-none-eabi/4.9.3/armv7-m\libgcc.a(_aeabi_uldivmod.o)
 .debug_frame   0x000017a8       0x54 c:/nxp/lpcxpresso_8.0.0_526/lpcxpresso/tools/bin/../lib/gcc/arm-none-eabi/4.9.3/armv7-m\libgcc.a(bpabi.o)
 .debug_frame   0x000017fc       0x34 c:/nxp/lpcxpresso_8.0.0_526/lpcxpresso/tools/bin/../lib/gcc/arm-none-eabi/4.9.3/armv7-m\libgcc.a(_divdi3.o)
 .debug_frame   0x00001830       0x34 c:/nxp/lpcxpresso_8.0.0_526/lpcxpresso/tools/bin/../lib/gcc/arm-none-eabi/4.9.3/armv7-m\libgcc.a(_udivdi3.o)
 .debug_frame   0x00001864       0x2c c:/nxp/lpcxpresso_8.0.0_526/lpcxpresso/tools/bin/../lib/gcc/arm-none-eabi/4.9.3/../../../../arm-none-eabi/lib/armv7-m\libc.a(lib_a-init.o)
 .debug_frame   0x00001890       0x30 c:/nxp/lpcxpresso_8.0.0_526/lpcxpresso/tools/bin/../lib/gcc/arm-none-eabi/4.9.3/../../../../arm-none-eabi/lib/armv7-m\libc.a(lib_a-malloc.o)
 .debug_frame   0x000018c0       0x54 c:/nxp/lpcxpresso_8.0.0_526/lpcxpresso/tools/bin/../lib/gcc/arm-none-eabi/4.9.3/../../../../arm-none-eabi/lib/armv7-m\libc.a(lib_a-mallocr.o)
 .debug_frame   0x00001914       0x30 c:/nxp/lpcxpresso_8.0.0_526/lpcxpresso/tools/bin/../lib/gcc/arm-none-eabi/4.9.3/../../../../arm-none-eabi/lib/armv7-m\libc.a(lib_a-mlock.o)
 .debug_frame   0x00001944       0x2c c:/nxp/lpcxpresso_8.0.0_526/lpcxpresso/tools/bin/../lib/gcc/arm-none-eabi/4.9.3/../../../../arm-none-eabi/lib/armv7-m\libc.a(lib_a-sbrkr.o)
 .debug_frame   0x00001970       0x74 c:/nxp/lpcxpresso_8.0.0_526/lpcxpresso/tools/bin/../lib/gcc/arm-none-eabi/4.9.3/../../../../arm-none-eabi/lib/armv7-m\libc.a(lib_a-freer.o)
 .debug_frame   0x000019e4       0x58 c:/nxp/lpcxpresso_8.0.0_526/lpcxpresso/tools/bin/../lib/gcc/arm-none-eabi/4.9.3/../../../../arm-none-eabi/lib/armv7-m\libc.a(lib_a-reent.o)
 .debug_frame   0x00001a3c       0x2c c:/nxp/lpcxpresso_8.0.0_526/lpcxpresso/tools/bin/../lib/gcc/arm-none-eabi/4.9.3/../../../../arm-none-eabi/lib/armv7-m\libcr_newlib_nohost.a(_cr_sbrk.o)
 .debug_frame   0x00001a68       0x20 c:/nxp/lpcxpresso_8.0.0_526/lpcxpresso/tools/bin/../lib/gcc/arm-none-eabi/4.9.3/../../../../arm-none-eabi/lib/armv7-m\libcr_newlib_nohost.a(_cr_check_heap.o)
 .debug_frame   0x00001a88       0x20 c:/nxp/lpcxpresso_8.0.0_526/lpcxpresso/tools/bin/../lib/gcc/arm-none-eabi/4.9.3/../../../../arm-none-eabi/lib/armv7-m\libc.a(lib_a-errno.o)

.debug_loc      0x00000000       0x81
 .debug_loc     0x00000000       0x47 c:/nxp/lpcxpresso_8.0.0_526/lpcxpresso/tools/bin/../lib/gcc/arm-none-eabi/4.9.3/../../../../arm-none-eabi/lib/armv7-m\libcr_newlib_nohost.a(_cr_sbrk.o)
 .debug_loc     0x00000047       0x3a c:/nxp/lpcxpresso_8.0.0_526/lpcxpresso/tools/bin/../lib/gcc/arm-none-eabi/4.9.3/../../../../arm-none-eabi/lib/armv7-m\libcr_newlib_nohost.a(_cr_check_heap.o)
